Archive member included because of file (symbol)

c:/program files (x86)/gnu tools arm embedded/4.9 2015q1/bin/../lib/gcc/arm-none-eabi/4.9.3/../../../../arm-none-eabi/lib/armv7e-m/fpu\libm.a(lib_a-s_floor.o)
                              ..\obj\datalogger.o (floor)
c:/program files (x86)/gnu tools arm embedded/4.9 2015q1/bin/../lib/gcc/arm-none-eabi/4.9.3/../../../../arm-none-eabi/lib/armv7e-m/fpu\libm.a(lib_a-w_log10.o)
                              ..\obj\datalogger.o (log10)
c:/program files (x86)/gnu tools arm embedded/4.9 2015q1/bin/../lib/gcc/arm-none-eabi/4.9.3/../../../../arm-none-eabi/lib/armv7e-m/fpu\libm.a(lib_a-w_pow.o)
                              ..\obj\datalogger.o (pow)
c:/program files (x86)/gnu tools arm embedded/4.9 2015q1/bin/../lib/gcc/arm-none-eabi/4.9.3/../../../../arm-none-eabi/lib/armv7e-m/fpu\libm.a(lib_a-e_log10.o)
                              c:/program files (x86)/gnu tools arm embedded/4.9 2015q1/bin/../lib/gcc/arm-none-eabi/4.9.3/../../../../arm-none-eabi/lib/armv7e-m/fpu\libm.a(lib_a-w_log10.o) (__ieee754_log10)
c:/program files (x86)/gnu tools arm embedded/4.9 2015q1/bin/../lib/gcc/arm-none-eabi/4.9.3/../../../../arm-none-eabi/lib/armv7e-m/fpu\libm.a(lib_a-e_pow.o)
                              c:/program files (x86)/gnu tools arm embedded/4.9 2015q1/bin/../lib/gcc/arm-none-eabi/4.9.3/../../../../arm-none-eabi/lib/armv7e-m/fpu\libm.a(lib_a-w_pow.o) (__ieee754_pow)
c:/program files (x86)/gnu tools arm embedded/4.9 2015q1/bin/../lib/gcc/arm-none-eabi/4.9.3/../../../../arm-none-eabi/lib/armv7e-m/fpu\libm.a(lib_a-e_sqrt.o)
                              c:/program files (x86)/gnu tools arm embedded/4.9 2015q1/bin/../lib/gcc/arm-none-eabi/4.9.3/../../../../arm-none-eabi/lib/armv7e-m/fpu\libm.a(lib_a-e_pow.o) (__ieee754_sqrt)
c:/program files (x86)/gnu tools arm embedded/4.9 2015q1/bin/../lib/gcc/arm-none-eabi/4.9.3/../../../../arm-none-eabi/lib/armv7e-m/fpu\libm.a(lib_a-s_fabs.o)
                              c:/program files (x86)/gnu tools arm embedded/4.9 2015q1/bin/../lib/gcc/arm-none-eabi/4.9.3/../../../../arm-none-eabi/lib/armv7e-m/fpu\libm.a(lib_a-e_pow.o) (fabs)
c:/program files (x86)/gnu tools arm embedded/4.9 2015q1/bin/../lib/gcc/arm-none-eabi/4.9.3/../../../../arm-none-eabi/lib/armv7e-m/fpu\libm.a(lib_a-s_finite.o)
                              c:/program files (x86)/gnu tools arm embedded/4.9 2015q1/bin/../lib/gcc/arm-none-eabi/4.9.3/../../../../arm-none-eabi/lib/armv7e-m/fpu\libm.a(lib_a-w_pow.o) (finite)
c:/program files (x86)/gnu tools arm embedded/4.9 2015q1/bin/../lib/gcc/arm-none-eabi/4.9.3/../../../../arm-none-eabi/lib/armv7e-m/fpu\libm.a(lib_a-s_fpclassify.o)
                              c:/program files (x86)/gnu tools arm embedded/4.9 2015q1/bin/../lib/gcc/arm-none-eabi/4.9.3/../../../../arm-none-eabi/lib/armv7e-m/fpu\libm.a(lib_a-w_log10.o) (__fpclassifyd)
c:/program files (x86)/gnu tools arm embedded/4.9 2015q1/bin/../lib/gcc/arm-none-eabi/4.9.3/../../../../arm-none-eabi/lib/armv7e-m/fpu\libm.a(lib_a-s_lib_ver.o)
                              c:/program files (x86)/gnu tools arm embedded/4.9 2015q1/bin/../lib/gcc/arm-none-eabi/4.9.3/../../../../arm-none-eabi/lib/armv7e-m/fpu\libm.a(lib_a-w_log10.o) (__fdlib_version)
c:/program files (x86)/gnu tools arm embedded/4.9 2015q1/bin/../lib/gcc/arm-none-eabi/4.9.3/../../../../arm-none-eabi/lib/armv7e-m/fpu\libm.a(lib_a-s_matherr.o)
                              c:/program files (x86)/gnu tools arm embedded/4.9 2015q1/bin/../lib/gcc/arm-none-eabi/4.9.3/../../../../arm-none-eabi/lib/armv7e-m/fpu\libm.a(lib_a-w_log10.o) (matherr)
c:/program files (x86)/gnu tools arm embedded/4.9 2015q1/bin/../lib/gcc/arm-none-eabi/4.9.3/../../../../arm-none-eabi/lib/armv7e-m/fpu\libm.a(lib_a-s_nan.o)
                              c:/program files (x86)/gnu tools arm embedded/4.9 2015q1/bin/../lib/gcc/arm-none-eabi/4.9.3/../../../../arm-none-eabi/lib/armv7e-m/fpu\libm.a(lib_a-w_log10.o) (nan)
c:/program files (x86)/gnu tools arm embedded/4.9 2015q1/bin/../lib/gcc/arm-none-eabi/4.9.3/../../../../arm-none-eabi/lib/armv7e-m/fpu\libm.a(lib_a-s_rint.o)
                              c:/program files (x86)/gnu tools arm embedded/4.9 2015q1/bin/../lib/gcc/arm-none-eabi/4.9.3/../../../../arm-none-eabi/lib/armv7e-m/fpu\libm.a(lib_a-w_pow.o) (rint)
c:/program files (x86)/gnu tools arm embedded/4.9 2015q1/bin/../lib/gcc/arm-none-eabi/4.9.3/../../../../arm-none-eabi/lib/armv7e-m/fpu\libm.a(lib_a-s_scalbn.o)
                              c:/program files (x86)/gnu tools arm embedded/4.9 2015q1/bin/../lib/gcc/arm-none-eabi/4.9.3/../../../../arm-none-eabi/lib/armv7e-m/fpu\libm.a(lib_a-e_pow.o) (scalbn)
c:/program files (x86)/gnu tools arm embedded/4.9 2015q1/bin/../lib/gcc/arm-none-eabi/4.9.3/../../../../arm-none-eabi/lib/armv7e-m/fpu\libm.a(lib_a-e_log.o)
[...]
Memory Configuration

Name             Origin             Length             Attributes
rom              0x00000000         0x00040000         xr
ram              0x20000000         0x00008000         xrw
*default*        0x00000000         0xffffffff

Linker script and memory map

                0x20008000                _eram = 0x20008000

.text           0x00000000     0xdfbc
 *(.isr_vector)
 .isr_vector    0x00000000      0x26c ..\obj\startup_Cortex_M4.o
                0x00000000                g_pfnVectors
 *(.text*)
 .text._HibernateWriteComplete
                0x0000026c       0x10 ..\obj\hibernate.o
 .text.HibernateEnableExpClk
                0x0000027c       0x18 ..\obj\hibernate.o
                0x0000027c                HibernateEnableExpClk
 .text.HibernateDisable
                0x00000294       0x18 ..\obj\hibernate.o
                0x00000294                HibernateDisable
 .text.HibernateClockConfig
                0x000002ac       0x50 ..\obj\hibernate.o
                0x000002ac                HibernateClockConfig
 .text.HibernateRTCEnable
                0x000002fc       0x18 ..\obj\hibernate.o
                0x000002fc                HibernateRTCEnable
 .text.HibernateRTCDisable
                0x00000314       0x18 ..\obj\hibernate.o
                0x00000314                HibernateRTCDisable
 .text.HibernateWakeSet
                0x0000032c       0x74 ..\obj\hibernate.o
                0x0000032c                HibernateWakeSet
 .text.HibernateRTCSet
                0x000003a0       0x2c ..\obj\hibernate.o
                0x000003a0                HibernateRTCSet
 .text.HibernateRTCGet
                0x000003cc        0xc ..\obj\hibernate.o
                0x000003cc                HibernateRTCGet
 .text.HibernateRTCMatchSet
                0x000003d8       0x10 ..\obj\hibernate.o
                0x000003d8                HibernateRTCMatchSet
 .text.HibernateDataSet
                0x000003e8       0x28 ..\obj\hibernate.o
                0x000003e8                HibernateDataSet
 .text.HibernateDataGet
                0x00000410       0x24 ..\obj\hibernate.o
                0x00000410                HibernateDataGet
 .text.HibernateRequest
                0x00000434       0x18 ..\obj\hibernate.o
                0x00000434                HibernateRequest
 .text.HibernateIntDisable
                0x0000044c       0x18 ..\obj\hibernate.o
                0x0000044c                HibernateIntDisable
 .text.HibernateIntStatus
                0x00000464       0x18 ..\obj\hibernate.o
                0x00000464                HibernateIntStatus
 .text.HibernateIntClear
                0x0000047c       0x14 ..\obj\hibernate.o
                0x0000047c                HibernateIntClear
 .text.HibernateIsActive
                0x00000490       0x10 ..\obj\hibernate.o
                0x00000490                HibernateIsActive
 .text.HibernateGPIORetentionEnable
                0x000004a0       0x1c ..\obj\hibernate.o
                0x000004a0                HibernateGPIORetentionEnable
 .text.delayMS  0x000004bc       0x14 ..\obj\delay.o
                0x000004bc                delayMS
 .text.delayUS  0x000004d0       0x14 ..\obj\delay.o
                0x000004d0                delayUS
 .text.InitClock
                0x000004e4       0x3c ..\obj\datalogger.o
                0x000004e4                InitClock
 .text.InitGPIO
                0x00000520       0x78 ..\obj\datalogger.o
                0x00000520                InitGPIO
 .text.InitGPIOInt
                0x00000598       0x30 ..\obj\datalogger.o
                0x00000598                InitGPIOInt
 .text.InitI2C3
                0x000005c8       0x54 ..\obj\datalogger.o
                0x000005c8                InitI2C3
 .text.InitSPI1
                0x0000061c       0xd0 ..\obj\datalogger.o
                0x0000061c                InitSPI1
 .text.Initialize
                0x000006ec       0x20 ..\obj\datalogger.o
                0x000006ec                Initialize
 .text.InitOneWire
                0x0000070c       0x20 ..\obj\datalogger.o
                0x0000070c                InitOneWire
 .text.I2CSend  0x0000072c       0xd8 ..\obj\datalogger.o
                0x0000072c                I2CSend
 .text.I2CReceive
                0x00000804       0x68 ..\obj\datalogger.o
                0x00000804                I2CReceive
 .text.dec2bcd  0x0000086c       0x1c ..\obj\datalogger.o
                0x0000086c                dec2bcd
 .text.bcd2dec  0x00000888       0x14 ..\obj\datalogger.o
                0x00000888                bcd2dec
 .text.SetTimeDate
                0x0000089c       0x68 ..\obj\datalogger.o
                0x0000089c                SetTimeDate
 .text.GetClock
                0x00000904       0x14 ..\obj\datalogger.o
                0x00000904                GetClock
 .text.GetStrDate
                0x00000918       0xd0 ..\obj\datalogger.o
                0x00000918                GetStrDate
 .text.GetStrTime
                0x000009e8       0xd0 ..\obj\datalogger.o
                0x000009e8                GetStrTime
 .text.getTG    0x00000ab8      0x114 ..\obj\datalogger.o
                0x00000ab8                getTG
 .text.USBGetTG
                0x00000bcc       0xc8 ..\obj\datalogger.o
                0x00000bcc                USBGetTG
 *fill*         0x00000c94        0x4 
 .text.getEV    0x00000c98      0x350 ..\obj\datalogger.o
                0x00000c98                getEV
 .text.USBGetEv
                0x00000fe8       0xbc ..\obj\datalogger.o
                0x00000fe8                USBGetEv
 *fill*         0x000010a4        0x4 
 .text.readHIH  0x000010a8      0x100 ..\obj\datalogger.o
                0x000010a8                readHIH
 .text.USBreadHIH
                0x000011a8       0xa4 ..\obj\datalogger.o
                0x000011a8                USBreadHIH
 .text.DataLoggingON
                0x0000124c       0x8c ..\obj\datalogger.o
                0x0000124c                DataLoggingON
 .text.DataLoggingOFF
                0x000012d8       0x18 ..\obj\datalogger.o
                0x000012d8                DataLoggingOFF
 .text.WriteFirstLine
                0x000012f0      0x474 ..\obj\datalogger.o
                0x000012f0                WriteFirstLine
 .text.OneWiregetROMs
                0x00001764       0x30 ..\obj\datalogger.o
                0x00001764                OneWiregetROMs
 .text.OneWireStartConvertion
                0x00001794       0x1c ..\obj\datalogger.o
                0x00001794                OneWireStartConvertion
 .text.OneWireGetTemp
                0x000017b0       0xe0 ..\obj\datalogger.o
                0x000017b0                OneWireGetTemp
 .text.dtoa     0x00001890      0x2f0 ..\obj\datalogger.o
                0x00001890                dtoa
 .text.GetNewLine
                0x00001b80      0x38c ..\obj\datalogger.o
                0x00001b80                GetNewLine
 .text.generateCRC
                0x00001f0c       0x1c ..\obj\datalogger.o
                0x00001f0c                generateCRC
 .text.USBSendLine
                0x00001f28       0xcc ..\obj\datalogger.o
                0x00001f28                USBSendLine
 .text.I2CMasterEnable
                0x00001ff4        0xc ..\obj\i2c.o
                0x00001ff4                I2CMasterEnable
 .text.I2CMasterInitExpClk
                0x00002000       0x58 ..\obj\i2c.o
                0x00002000                I2CMasterInitExpClk
 .text.I2CMasterSlaveAddrSet
                0x00002058        0x8 ..\obj\i2c.o
                0x00002058                I2CMasterSlaveAddrSet
 .text.I2CMasterBusy
                0x00002060        0x8 ..\obj\i2c.o
                0x00002060                I2CMasterBusy
 .text.I2CMasterControl
                0x00002068        0x4 ..\obj\i2c.o
                0x00002068                I2CMasterControl
 .text.I2CMasterDataPut
                0x0000206c        0x4 ..\obj\i2c.o
                0x0000206c                I2CMasterDataPut
 .text.I2CMasterDataGet
                0x00002070        0x4 ..\obj\i2c.o
                0x00002070                I2CMasterDataGet
 .text.USBDEP0StateTx
                0x00002074       0x74 ..\obj\usbdenum.o
 .text.USBDGetConfiguration
                0x000020e8       0x38 ..\obj\usbdenum.o
 .text.USBDSetAddress
                0x00002120       0x24 ..\obj\usbdenum.o
 .text.USBDEP0StateTxConfig
                0x00002144      0x168 ..\obj\usbdenum.o
 .text.USBDCDDeviceInfoInit
                0x000022ac       0x48 ..\obj\usbdenum.o
                0x000022ac                USBDCDDeviceInfoInit
 .text.USBDCDInit
                0x000022f4      0x174 ..\obj\usbdenum.o
                0x000022f4                USBDCDInit
 .text.USBDCDTerm
                0x00002468       0x58 ..\obj\usbdenum.o
                0x00002468                USBDCDTerm
 .text.USBDCDRequestDataEP0
                0x000024c0       0x14 ..\obj\usbdenum.o
                0x000024c0                USBDCDRequestDataEP0
 .text.USBDCDSendDataEP0
                0x000024d4       0x18 ..\obj\usbdenum.o
                0x000024d4                USBDCDSendDataEP0
 .text.USBDCDStallEP0
                0x000024ec       0x1c ..\obj\usbdenum.o
                0x000024ec                USBDCDStallEP0
 .text.USBDReadAndDispatchRequest
                0x00002508       0x7c ..\obj\usbdenum.o
 .text.USBDSyncFrame
                0x00002584       0x18 ..\obj\usbdenum.o
 .text.USBDSetInterface
                0x0000259c       0xa8 ..\obj\usbdenum.o
 .text.USBDGetInterface
                0x00002644       0x50 ..\obj\usbdenum.o
 .text.USBDSetConfiguration
                0x00002694       0x90 ..\obj\usbdenum.o
 .text.USBDSetDescriptor
                0x00002724       0x18 ..\obj\usbdenum.o
 .text.USBDGetDescriptor
                0x0000273c      0x130 ..\obj\usbdenum.o
 .text.USBDSetFeature
                0x0000286c       0x84 ..\obj\usbdenum.o
 .text.USBDClearFeature
                0x000028f0       0x9c ..\obj\usbdenum.o
 .text.USBDGetStatus
                0x0000298c       0x88 ..\obj\usbdenum.o
 .text.USBDCDFeatureGet
                0x00002a14       0x18 ..\obj\usbdenum.o
                0x00002a14                USBDCDFeatureGet
 .text.USBDeviceResumeTickHandler
                0x00002a2c       0x54 ..\obj\usbdenum.o
                0x00002a2c                USBDeviceResumeTickHandler
 .text.USBDeviceEnumHandler
                0x00002a80       0xec ..\obj\usbdenum.o
                0x00002a80                USBDeviceEnumHandler
 .text.USBDeviceEnumResetHandler
                0x00002b6c       0x48 ..\obj\usbdenum.o
                0x00002b6c                USBDeviceEnumResetHandler
 .text.USBDeviceIntHandlerInternal
                0x00002bb4      0x15c ..\obj\usbdenum.o
                0x00002bb4                USBDeviceIntHandlerInternal
 .text.NextConfigDescGet
                0x00002d10       0x38 ..\obj\usbdcdesc.o
 .text.USBDCDConfigDescGetSize
                0x00002d48       0x20 ..\obj\usbdcdesc.o
                0x00002d48                USBDCDConfigDescGetSize
 .text.USBDCDConfigDescGetNum
                0x00002d68       0x30 ..\obj\usbdcdesc.o
                0x00002d68                USBDCDConfigDescGetNum
 .text.USBDCDConfigDescGet
                0x00002d98       0x60 ..\obj\usbdcdesc.o
                0x00002d98                USBDCDConfigDescGet
 .text.USBDCDConfigGetInterface
                0x00002df8       0x64 ..\obj\usbdcdesc.o
                0x00002df8                USBDCDConfigGetInterface
 .text.USBDCDConfigGetInterfaceEndpoint
                0x00002e5c       0x44 ..\obj\usbdcdesc.o
                0x00002e5c                USBDCDConfigGetInterfaceEndpoint
 .text.FlashErase
                0x00002ea0       0x3c ..\obj\flash.o
                0x00002ea0                FlashErase
 .text.FlashProgram
                0x00002edc       0x90 ..\obj\flash.o
                0x00002edc                FlashProgram
 .text._TimerIntNumberGet
                0x00002f6c       0x68 ..\obj\timer.o
 .text.TimerEnable
                0x00002fd4       0x10 ..\obj\timer.o
                0x00002fd4                TimerEnable
 .text.TimerConfigure
                0x00002fe4       0x64 ..\obj\timer.o
                0x00002fe4                TimerConfigure
 .text.TimerLoadSet
                0x00003048       0x14 ..\obj\timer.o
                0x00003048                TimerLoadSet
 .text.TimerIntRegister
                0x0000305c       0x18 ..\obj\timer.o
                0x0000305c                TimerIntRegister
 .text.TimerIntEnable
                0x00003074        0x8 ..\obj\timer.o
                0x00003074                TimerIntEnable
 .text.TimerIntDisable
                0x0000307c        0xc ..\obj\timer.o
                0x0000307c                TimerIntDisable
 .text.TimerIntStatus
                0x00003088        0xc ..\obj\timer.o
                0x00003088                TimerIntStatus
 .text.TimerIntClear
                0x00003094        0x4 ..\obj\timer.o
                0x00003094                TimerIntClear
 .text.GetEPDescriptorType
                0x00003098       0x50 ..\obj\usbdconfig.o
 .text.USBDeviceConfig
                0x000030e8      0x1a0 ..\obj\usbdconfig.o
                0x000030e8                USBDeviceConfig
 .text.USBDeviceConfigAlternate
                0x00003288       0x94 ..\obj\usbdconfig.o
                0x00003288                USBDeviceConfigAlternate
 .text.ScheduleNextTransmission
                0x0000331c       0x94 ..\obj\usbbuffer.o
 .text.USBBufferInit
                0x000033b0       0x18 ..\obj\usbbuffer.o
                0x000033b0                USBBufferInit
 .text.USBBufferWrite
                0x000033c8       0x30 ..\obj\usbbuffer.o
                0x000033c8                USBBufferWrite
 .text.USBBufferFlush
                0x000033f8        0xc ..\obj\usbbuffer.o
                0x000033f8                USBBufferFlush
 .text.USBBufferRead
                0x00003404       0x28 ..\obj\usbbuffer.o
                0x00003404                USBBufferRead
 .text.USBBufferEventCallback
                0x0000342c      0x150 ..\obj\usbbuffer.o
                0x0000342c                USBBufferEventCallback
 .text.USBStackModeSet
                0x0000357c       0x20 ..\obj\usbmode.o
                0x0000357c                USBStackModeSet
 .text.ULPIConfigSet
                0x0000359c       0x54 ..\obj\usbulpi.o
                0x0000359c                ULPIConfigSet
 .text.uDMAUSBChannelStatus
                0x000035f0       0x24 ..\obj\usbdma.o
 .text.DMAUSBIntStatusClear
                0x00003614       0x10 ..\obj\usbdma.o
 .text.DMAUSBIntHandler
                0x00003624       0x38 ..\obj\usbdma.o
 .text.uDMAUSBChannelIntEnable
                0x0000365c        0x4 ..\obj\usbdma.o
 .text.uDMAUSBChannelIntDisable
                0x00003660        0x4 ..\obj\usbdma.o
 .text.iDMAUSBUnitSizeSet
                0x00003664        0x4 ..\obj\usbdma.o
 .text.iDMAUSBArbSizeSet
                0x00003668        0x4 ..\obj\usbdma.o
 .text.DMAUSBStatus
                0x0000366c        0x4 ..\obj\usbdma.o
 .text.iDMAUSBChannelRelease
                0x00003670       0x3c ..\obj\usbdma.o
 .text.iDMAUSBChannelAllocate
                0x000036ac       0x94 ..\obj\usbdma.o
 .text.iDMAUSBChannelDisable
                0x00003740       0x34 ..\obj\usbdma.o
 .text.iDMAUSBChannelIntDisable
                0x00003774        0xc ..\obj\usbdma.o
 .text.iDMAUSBChannelIntEnable
                0x00003780        0xc ..\obj\usbdma.o
 .text.iDMAUSBChannelEnable
                0x0000378c       0x4c ..\obj\usbdma.o
 .text.iDMAUSBTransfer
                0x000037d8      0x118 ..\obj\usbdma.o
 .text.iDMAUSBIntStatus
                0x000038f0        0xc ..\obj\usbdma.o
 .text.iDMAUSBChannelStatus
                0x000038fc       0x38 ..\obj\usbdma.o
 .text.uDMAUSBUnitSizeSet
                0x00003934       0x70 ..\obj\usbdma.o
 .text.uDMAUSBArbSizeSet
                0x000039a4       0x6c ..\obj\usbdma.o
 .text.uDMAUSBIntStatus
                0x00003a10       0x30 ..\obj\usbdma.o
 .text.uDMAUSBChannelRelease
                0x00003a40       0x58 ..\obj\usbdma.o
 .text.uDMAUSBChannelEnable
                0x00003a98       0x68 ..\obj\usbdma.o
 .text.uDMAUSBTransfer
                0x00003b00       0xc8 ..\obj\usbdma.o
 .text.uDMAUSBChannelDisable
                0x00003bc8       0x4c ..\obj\usbdma.o
 .text.uDMAUSBChannelAllocate
                0x00003c14       0xdc ..\obj\usbdma.o
 .text.USBLibDMAInit
                0x00003cf0      0x174 ..\obj\usbdma.o
                0x00003cf0                USBLibDMAInit
 .text.FPULazyStackingEnable
                0x00003e64       0x10 ..\obj\fpu.o
                0x00003e64                FPULazyStackingEnable
 .text.InternalUSBTickInit
                0x00003e74       0x30 ..\obj\usbtick.o
                0x00003e74                InternalUSBTickInit
 .text.InternalUSBTickReset
                0x00003ea4        0xc ..\obj\usbtick.o
                0x00003ea4                InternalUSBTickReset
 .text.InternalUSBRegisterTickHandler
                0x00003eb0       0x44 ..\obj\usbtick.o
                0x00003eb0                InternalUSBRegisterTickHandler
 .text.InternalUSBStartOfFrameTick
                0x00003ef4       0x34 ..\obj\usbtick.o
                0x00003ef4                InternalUSBStartOfFrameTick
 .text.main     0x00003f28      0x350 ..\obj\main.o
                0x00003f28                main
 .text.GPIOPortC_IRQHandler
                0x00004278       0xf4 ..\obj\main.o
                0x00004278                GPIOPortC_IRQHandler
 .text.SysCtlPeripheralReady
                0x0000436c       0x28 ..\obj\sysctl.o
                0x0000436c                SysCtlPeripheralReady
 .text.SysCtlPeripheralReset
                0x00004394       0x40 ..\obj\sysctl.o
                0x00004394                SysCtlPeripheralReset
 .text.SysCtlPeripheralEnable
                0x000043d4       0x24 ..\obj\sysctl.o
                0x000043d4                SysCtlPeripheralEnable
 .text.SysCtlPeripheralDisable
                0x000043f8       0x24 ..\obj\sysctl.o
                0x000043f8                SysCtlPeripheralDisable
 .text.SysCtlDelay
                0x0000441c        0x8 ..\obj\sysctl.o
                0x0000441c                SysCtlDelay
 .text.SysCtlClockSet
                0x00004424      0x134 ..\obj\sysctl.o
                0x00004424                SysCtlClockSet
 .text.SysCtlClockGet
                0x00004558      0x190 ..\obj\sysctl.o
                0x00004558                SysCtlClockGet
 .text.SysCtlUSBPLLEnable
                0x000046e8       0x10 ..\obj\sysctl.o
                0x000046e8                SysCtlUSBPLLEnable
 .text.SysCtlUSBPLLDisable
                0x000046f8       0x10 ..\obj\sysctl.o
                0x000046f8                SysCtlUSBPLLDisable
 .text.USBHostResume
                0x00004708       0x18 ..\obj\usb.o
                0x00004708                USBHostResume
 .text.USBIntDisableControl
                0x00004720       0x2c ..\obj\usb.o
                0x00004720                USBIntDisableControl
 .text.USBIntEnableControl
                0x0000474c       0x2c ..\obj\usb.o
                0x0000474c                USBIntEnableControl
 .text.USBIntStatusControl
                0x00004778       0x40 ..\obj\usb.o
                0x00004778                USBIntStatusControl
 .text.USBIntDisableEndpoint
                0x000047b8       0x1c ..\obj\usb.o
                0x000047b8                USBIntDisableEndpoint
 .text.USBIntEnableEndpoint
                0x000047d4       0x18 ..\obj\usb.o
                0x000047d4                USBIntEnableEndpoint
 .text.USBIntStatusEndpoint
                0x000047ec        0xc ..\obj\usb.o
                0x000047ec                USBIntStatusEndpoint
 .text.USBEndpointStatus
                0x000047f8       0x14 ..\obj\usb.o
                0x000047f8                USBEndpointStatus
 .text.USBDevEndpointStatusClear
                0x0000480c       0x60 ..\obj\usb.o
                0x0000480c                USBDevEndpointStatusClear
 .text.USBDevEndpointStall
                0x0000486c       0x34 ..\obj\usb.o
                0x0000486c                USBDevEndpointStall
 .text.USBDevEndpointStallClear
                0x000048a0       0x44 ..\obj\usb.o
                0x000048a0                USBDevEndpointStallClear
 .text.USBDevConnect
                0x000048e4        0xc ..\obj\usb.o
                0x000048e4                USBDevConnect
 .text.USBDevDisconnect
                0x000048f0        0xc ..\obj\usb.o
                0x000048f0                USBDevDisconnect
 .text.USBDevAddrSet
                0x000048fc        0x8 ..\obj\usb.o
                0x000048fc                USBDevAddrSet
 .text.USBDevEndpointConfigSet
                0x00004904       0x90 ..\obj\usb.o
                0x00004904                USBDevEndpointConfigSet
 .text.USBFIFOConfigSet
                0x00004994       0x58 ..\obj\usb.o
                0x00004994                USBFIFOConfigSet
 .text.USBEndpointDMAConfigSet
                0x000049ec       0x58 ..\obj\usb.o
                0x000049ec                USBEndpointDMAConfigSet
 .text.USBEndpointDMAEnable
                0x00004a44       0x24 ..\obj\usb.o
                0x00004a44                USBEndpointDMAEnable
 .text.USBEndpointDMADisable
                0x00004a68       0x24 ..\obj\usb.o
                0x00004a68                USBEndpointDMADisable
 .text.USBEndpointDataAvail
                0x00004a8c       0x24 ..\obj\usb.o
                0x00004a8c                USBEndpointDataAvail
 .text.USBEndpointDataGet
                0x00004ab0       0x54 ..\obj\usb.o
                0x00004ab0                USBEndpointDataGet
 .text.USBDevEndpointDataAck
                0x00004b04       0x20 ..\obj\usb.o
                0x00004b04                USBDevEndpointDataAck
 .text.USBEndpointDataPut
                0x00004b24       0x38 ..\obj\usb.o
                0x00004b24                USBEndpointDataPut
 .text.USBEndpointDataSend
                0x00004b5c       0x3c ..\obj\usb.o
                0x00004b5c                USBEndpointDataSend
 .text.USBFIFOAddrGet
                0x00004b98        0x8 ..\obj\usb.o
                0x00004b98                USBFIFOAddrGet
 .text.USBEndpointDMAChannel
                0x00004ba0       0x20 ..\obj\usb.o
                0x00004ba0                USBEndpointDMAChannel
 .text.USBDevMode
                0x00004bc0        0x8 ..\obj\usb.o
                0x00004bc0                USBDevMode
 .text.USBOTGMode
                0x00004bc8        0x8 ..\obj\usb.o
                0x00004bc8                USBOTGMode
 .text.USBEndpointPacketCountSet
                0x00004bd0       0x14 ..\obj\usb.o
                0x00004bd0                USBEndpointPacketCountSet
 .text.USBControllerVersion
                0x00004be4        0xc ..\obj\usb.o
                0x00004be4                USBControllerVersion
 .text.USBClockEnable
                0x00004bf0        0xc ..\obj\usb.o
                0x00004bf0                USBClockEnable
 .text.USBDMAChannelIntEnable
                0x00004bfc       0x10 ..\obj\usb.o
                0x00004bfc                USBDMAChannelIntEnable
 .text.USBDMAChannelIntDisable
                0x00004c0c       0x10 ..\obj\usb.o
                0x00004c0c                USBDMAChannelIntDisable
 .text.USBDMAChannelIntStatus
                0x00004c1c        0x8 ..\obj\usb.o
                0x00004c1c                USBDMAChannelIntStatus
 .text.USBDMAChannelEnable
                0x00004c24       0x10 ..\obj\usb.o
                0x00004c24                USBDMAChannelEnable
 .text.USBDMAChannelDisable
                0x00004c34       0x10 ..\obj\usb.o
                0x00004c34                USBDMAChannelDisable
 .text.USBDMAChannelConfigSet
                0x00004c44       0x18 ..\obj\usb.o
                0x00004c44                USBDMAChannelConfigSet
 .text.USBDMAChannelStatus
                0x00004c5c       0x10 ..\obj\usb.o
                0x00004c5c                USBDMAChannelStatus
 .text.USBDMAChannelAddressSet
                0x00004c6c        0xc ..\obj\usb.o
                0x00004c6c                USBDMAChannelAddressSet
 .text.USBDMAChannelCountSet
                0x00004c78        0xc ..\obj\usb.o
                0x00004c78                USBDMAChannelCountSet
 .text.USBULPIEnable
                0x00004c84       0x10 ..\obj\usb.o
                0x00004c84                USBULPIEnable
 .text.USBULPIDisable
                0x00004c94       0x10 ..\obj\usb.o
                0x00004c94                USBULPIDisable
 .text.USBULPIRegRead
                0x00004ca4       0x24 ..\obj\usb.o
                0x00004ca4                USBULPIRegRead
 .text.USBULPIRegWrite
                0x00004cc8       0x24 ..\obj\usb.o
                0x00004cc8                USBULPIRegWrite
 .text.USBDevLPMConfig
                0x00004cec        0x8 ..\obj\usb.o
                0x00004cec                USBDevLPMConfig
 .text.USBDevLPMEnable
                0x00004cf4       0x10 ..\obj\usb.o
                0x00004cf4                USBDevLPMEnable
 .text.USBDevLPMDisable
                0x00004d04       0x10 ..\obj\usb.o
                0x00004d04                USBDevLPMDisable
 .text.USBLPMIntStatus
                0x00004d14        0x8 ..\obj\usb.o
                0x00004d14                USBLPMIntStatus
 .text.USBLPMIntEnable
                0x00004d1c       0x10 ..\obj\usb.o
                0x00004d1c                USBLPMIntEnable
 .text.USB0DeviceIntHandler
                0x00004d2c       0x18 ..\obj\usbdhandler.o
                0x00004d2c                USB0DeviceIntHandler
 .text.GPIODirModeSet
                0x00004d44       0x34 ..\obj\gpio.o
                0x00004d44                GPIODirModeSet
 .text.GPIOIntTypeSet
                0x00004d78       0x60 ..\obj\gpio.o
                0x00004d78                GPIOIntTypeSet
 .text.GPIOPadConfigSet
                0x00004dd8      0x144 ..\obj\gpio.o
                0x00004dd8                GPIOPadConfigSet
 .text.GPIOIntEnable
                0x00004f1c        0xc ..\obj\gpio.o
                0x00004f1c                GPIOIntEnable
 .text.GPIOIntStatus
                0x00004f28       0x10 ..\obj\gpio.o
                0x00004f28                GPIOIntStatus
 .text.GPIOIntClear
                0x00004f38        0x8 ..\obj\gpio.o
                0x00004f38                GPIOIntClear
 .text.GPIOPinRead
                0x00004f40        0x8 ..\obj\gpio.o
                0x00004f40                GPIOPinRead
 .text.GPIOPinWrite
                0x00004f48        0x8 ..\obj\gpio.o
                0x00004f48                GPIOPinWrite
 .text.GPIOPinTypeGPIOInput
                0x00004f50       0x1c ..\obj\gpio.o
                0x00004f50                GPIOPinTypeGPIOInput
 .text.GPIOPinTypeGPIOOutput
                0x00004f6c       0x1c ..\obj\gpio.o
                0x00004f6c                GPIOPinTypeGPIOOutput
 .text.GPIOPinTypeI2C
                0x00004f88       0x1c ..\obj\gpio.o
                0x00004f88                GPIOPinTypeI2C
 .text.GPIOPinTypeI2CSCL
                0x00004fa4       0x1c ..\obj\gpio.o
                0x00004fa4                GPIOPinTypeI2CSCL
 .text.GPIOPinTypeSSI
                0x00004fc0       0x1c ..\obj\gpio.o
                0x00004fc0                GPIOPinTypeSSI
 .text.GPIOPinTypeUSBAnalog
                0x00004fdc       0x1c ..\obj\gpio.o
                0x00004fdc                GPIOPinTypeUSBAnalog
 .text.GPIOPinConfigure
                0x00004ff8       0x4c ..\obj\gpio.o
                0x00004ff8                GPIOPinConfigure
 .text.ControlHandler
                0x00005044       0x80 ..\obj\usbserial.o
                0x00005044                ControlHandler
 .text.TxHandler
                0x000050c4        0x4 ..\obj\usbserial.o
                0x000050c4                TxHandler
 .text.RxHandler
                0x000050c8       0x34 ..\obj\usbserial.o
                0x000050c8                RxHandler
 .text.USBSerialInit
                0x000050fc       0x44 ..\obj\usbserial.o
                0x000050fc                USBSerialInit
 .text.USBSerialKaput
                0x00005140       0x14 ..\obj\usbserial.o
                0x00005140                USBSerialKaput
 .text.USBSerialSend
                0x00005154       0x14 ..\obj\usbserial.o
                0x00005154                USBSerialSend
 .text.IntMasterEnable
                0x00005168       0x10 ..\obj\interrupt.o
                0x00005168                IntMasterEnable
 .text.IntMasterDisable
                0x00005178       0x10 ..\obj\interrupt.o
                0x00005178                IntMasterDisable
 .text.IntRegister
                0x00005188       0x38 ..\obj\interrupt.o
                0x00005188                IntRegister
 .text.IntEnable
                0x000051c0       0x6c ..\obj\interrupt.o
                0x000051c0                IntEnable
 .text.IntDisable
                0x0000522c       0x6c ..\obj\interrupt.o
                0x0000522c                IntDisable
 .text.IntIsEnabled
                0x00005298       0x6c ..\obj\interrupt.o
                0x00005298                IntIsEnabled
 .text.SSIConfigSetExpClk
                0x00005304       0x40 ..\obj\ssi.o
                0x00005304                SSIConfigSetExpClk
 .text.SSIEnable
                0x00005344        0xc ..\obj\ssi.o
                0x00005344                SSIEnable
 .text.SSIDisable
                0x00005350        0xc ..\obj\ssi.o
                0x00005350                SSIDisable
 .text.SSIDataPut
                0x0000535c        0xc ..\obj\ssi.o
                0x0000535c                SSIDataPut
 .text.SSIDataPutNonBlocking
                0x00005368       0x10 ..\obj\ssi.o
                0x00005368                SSIDataPutNonBlocking
 .text.SSIDataGet
                0x00005378       0x10 ..\obj\ssi.o
                0x00005378                SSIDataGet
 .text.SSIClockSourceSet
                0x00005388        0x8 ..\obj\ssi.o
                0x00005388                SSIClockSourceSet
 .text.mem_cpy  0x00005390       0x14 ..\obj\ff.o
 .text.ld_clust
                0x000053a4       0x20 ..\obj\ff.o
 .text.get_fileinfo
                0x000053c4       0xac ..\obj\ff.o
 .text.check_fs
                0x00005470       0x8c ..\obj\ff.o
 .text.sync_window
                0x000054fc       0x74 ..\obj\ff.o
 .text.move_window
                0x00005570       0x38 ..\obj\ff.o
 .text.validate
                0x000055a8       0x38 ..\obj\ff.o
 .text.chk_mounted
                0x000055e0      0x39c ..\obj\ff.o
 .text.sync_fs  0x0000597c       0xbc ..\obj\ff.o
 .text.clust2sect
                0x00005a38       0x18 ..\obj\ff.o
                0x00005a38                clust2sect
 .text.get_fat  0x00005a50       0xe8 ..\obj\ff.o
                0x00005a50                get_fat
 .text.dir_sdi  0x00005b38       0x98 ..\obj\ff.o
 .text.put_fat  0x00005bd0      0x134 ..\obj\ff.o
                0x00005bd0                put_fat
 .text.create_chain
                0x00005d04       0xcc ..\obj\ff.o
 .text.dir_next
                0x00005dd0      0x12c ..\obj\ff.o
 .text.follow_path
                0x00005efc      0x2ac ..\obj\ff.o
 .text.dir_register
                0x000061a8       0x6c ..\obj\ff.o
 .text.remove_chain
                0x00006214       0x74 ..\obj\ff.o
 .text.f_mount  0x00006288       0x24 ..\obj\ff.o
                0x00006288                f_mount
 .text.f_open   0x000062ac      0x178 ..\obj\ff.o
                0x000062ac                f_open
 .text.f_write  0x00006424      0x1cc ..\obj\ff.o
                0x00006424                f_write
 .text.f_sync   0x000065f0       0xac ..\obj\ff.o
                0x000065f0                f_sync
 .text.f_close  0x0000669c       0x14 ..\obj\ff.o
                0x0000669c                f_close
 .text.f_chdir  0x000066b0       0x5c ..\obj\ff.o
                0x000066b0                f_chdir
 .text.f_lseek  0x0000670c      0x198 ..\obj\ff.o
                0x0000670c                f_lseek
 .text.f_stat   0x000068a4       0x40 ..\obj\ff.o
                0x000068a4                f_stat
 .text.f_mkdir  0x000068e4      0x1d4 ..\obj\ff.o
                0x000068e4                f_mkdir
 .text.timmerISR
                0x00006ab8       0x24 ..\obj\oneWire.o
 .text.timerInit
                0x00006adc       0x80 ..\obj\oneWire.o
                0x00006adc                timerInit
 .text.oneWireInit
                0x00006b5c       0x28 ..\obj\oneWire.o
                0x00006b5c                oneWireInit
 .text.oneWireResetPulse
                0x00006b84      0x26c ..\obj\oneWire.o
                0x00006b84                oneWireResetPulse
 .text.oneWireConvertTemp
                0x00006df0      0x5ac ..\obj\oneWire.o
                0x00006df0                oneWireConvertTemp
 .text.oneWireReadMem
                0x0000739c      0x5ec ..\obj\oneWire.o
                0x0000739c                oneWireReadMem
 .text.oneWireSkipRom
                0x00007988      0x354 ..\obj\oneWire.o
                0x00007988                oneWireSkipRom
 .text.oneWireSelectDev
                0x00007cdc      0x6a4 ..\obj\oneWire.o
                0x00007cdc                oneWireSelectDev
 .text.oneWireSearchInit
                0x00008380       0x38 ..\obj\oneWire.o
                0x00008380                oneWireSearchInit
 .text.oneWireSearchDev
                0x000083b8     0x1914 ..\obj\oneWire.o
                0x000083b8                oneWireSearchDev
 .text.oneWireValidatePkg
                0x00009ccc       0x50 ..\obj\oneWire.o
                0x00009ccc                oneWireValidatePkg
 .text.SetDeferredOpFlag
                0x00009d1c       0x18 ..\obj\usbdcdc.o
 .text.DeviceConsumedAllData
                0x00009d34       0x18 ..\obj\usbdcdc.o
 .text.SendBreak
                0x00009d4c       0x38 ..\obj\usbdcdc.o
 .text.SendLineCodingChange
                0x00009d84       0x20 ..\obj\usbdcdc.o
 .text.SendLineStateChange
                0x00009da4       0x20 ..\obj\usbdcdc.o
 .text.HandleConfigChange
                0x00009dc4       0x34 ..\obj\usbdcdc.o
 .text.HandleDevice
                0x00009df8       0xa4 ..\obj\usbdcdc.o
 .text.HandleDisconnect
                0x00009e9c       0x24 ..\obj\usbdcdc.o
 .text.HandleSuspend
                0x00009ec0       0x10 ..\obj\usbdcdc.o
 .text.HandleResume
                0x00009ed0       0x10 ..\obj\usbdcdc.o
 .text.HandleEP0Data
                0x00009ee0       0x58 ..\obj\usbdcdc.o
 .text.HandleRequests
                0x00009f38      0x168 ..\obj\usbdcdc.o
 .text.CDCTickHandler
                0x0000a0a0       0xac ..\obj\usbdcdc.o
 .text.SendSerialState
                0x0000a14c       0x94 ..\obj\usbdcdc.o
 .text.ProcessDataFromHost
                0x0000a1e0       0x74 ..\obj\usbdcdc.o
                0x0000a1e0                ProcessDataFromHost
 .text.ProcessNotificationToHost
                0x0000a254       0x34 ..\obj\usbdcdc.o
                0x0000a254                ProcessNotificationToHost
 .text.ProcessDataToHost
                0x0000a288       0x60 ..\obj\usbdcdc.o
                0x0000a288                ProcessDataToHost
 .text.HandleEndpoints
                0x0000a2e8       0x48 ..\obj\usbdcdc.o
 .text.USBDCDCCompositeInit
                0x0000a330      0x10c ..\obj\usbdcdc.o
                0x0000a330                USBDCDCCompositeInit
 .text.USBDCDCInit
                0x0000a43c       0x48 ..\obj\usbdcdc.o
                0x0000a43c                USBDCDCInit
 .text.USBDCDCTerm
                0x0000a484       0x10 ..\obj\usbdcdc.o
                0x0000a484                USBDCDCTerm
 .text.USBDCDCPacketWrite
                0x0000a494       0x70 ..\obj\usbdcdc.o
                0x0000a494                USBDCDCPacketWrite
 .text.USBDCDCPacketRead
                0x0000a504       0x9c ..\obj\usbdcdc.o
                0x0000a504                USBDCDCPacketRead
 .text.USBDCDCTxPacketAvailable
                0x0000a5a0       0x18 ..\obj\usbdcdc.o
                0x0000a5a0                USBDCDCTxPacketAvailable
 .text.USBDCDCRxPacketAvailable
                0x0000a5b8       0x40 ..\obj\usbdcdc.o
                0x0000a5b8                USBDCDCRxPacketAvailable
 .text.SELECT   0x0000a5f8       0x10 ..\obj\mmc-dk-tm4c123g.o
 .text.DESELECT
                0x0000a608       0x10 ..\obj\mmc-dk-tm4c123g.o
 .text.send_initial_clock_train
                0x0000a618       0x4c ..\obj\mmc-dk-tm4c123g.o
 .text.power_on
                0x0000a664       0xc0 ..\obj\mmc-dk-tm4c123g.o
 .text.xmit_spi
                0x0000a724       0x20 ..\obj\mmc-dk-tm4c123g.o
 .text.rcvr_spi
                0x0000a744       0x24 ..\obj\mmc-dk-tm4c123g.o
 .text.wait_ready
                0x0000a768       0x24 ..\obj\mmc-dk-tm4c123g.o
 .text.send_cmd
                0x0000a78c       0x74 ..\obj\mmc-dk-tm4c123g.o
 .text.xmit_datablock
                0x0000a800       0x5c ..\obj\mmc-dk-tm4c123g.o
 .text.rcvr_datablock
                0x0000a85c       0x54 ..\obj\mmc-dk-tm4c123g.o
 .text.disk_initialize
                0x0000a8b0      0x1c8 ..\obj\mmc-dk-tm4c123g.o
                0x0000a8b0                disk_initialize
 .text.disk_status
                0x0000aa78       0x14 ..\obj\mmc-dk-tm4c123g.o
                0x0000aa78                disk_status
 .text.disk_read
                0x0000aa8c       0xc4 ..\obj\mmc-dk-tm4c123g.o
                0x0000aa8c                disk_read
 .text.disk_write
                0x0000ab50       0xc4 ..\obj\mmc-dk-tm4c123g.o
                0x0000ab50                disk_write
 .text.disk_ioctl
                0x0000ac14      0x190 ..\obj\mmc-dk-tm4c123g.o
                0x0000ac14                disk_ioctl
 .text.get_fattime
                0x0000ada4        0x8 ..\obj\mmc-dk-tm4c123g.o
                0x0000ada4                get_fattime
 .text.UpdateIndexAtomic
                0x0000adac       0x2c ..\obj\usbringbuf.o
 .text.USBRingBufFlush
                0x0000add8       0x14 ..\obj\usbringbuf.o
                0x0000add8                USBRingBufFlush
 .text.USBRingBufUsed
                0x0000adec       0x14 ..\obj\usbringbuf.o
                0x0000adec                USBRingBufUsed
 .text.USBRingBufFree
                0x0000ae00       0x10 ..\obj\usbringbuf.o
                0x0000ae00                USBRingBufFree
 .text.USBRingBufContigUsed
                0x0000ae10       0x10 ..\obj\usbringbuf.o
                0x0000ae10                USBRingBufContigUsed
 .text.USBRingBufContigFree
                0x0000ae20       0x1c ..\obj\usbringbuf.o
                0x0000ae20                USBRingBufContigFree
 .text.USBRingBufReadOne
                0x0000ae3c       0x18 ..\obj\usbringbuf.o
                0x0000ae3c                USBRingBufReadOne
 .text.USBRingBufRead
                0x0000ae54       0x20 ..\obj\usbringbuf.o
                0x0000ae54                USBRingBufRead
 .text.USBRingBufAdvanceRead
                0x0000ae74       0x20 ..\obj\usbringbuf.o
                0x0000ae74                USBRingBufAdvanceRead
 .text.USBRingBufAdvanceWrite
                0x0000ae94       0x38 ..\obj\usbringbuf.o
                0x0000ae94                USBRingBufAdvanceWrite
 .text.USBRingBufWriteOne
                0x0000aecc       0x18 ..\obj\usbringbuf.o
                0x0000aecc                USBRingBufWriteOne
 .text.USBRingBufWrite
                0x0000aee4       0x20 ..\obj\usbringbuf.o
                0x0000aee4                USBRingBufWrite
 .text.USBRingBufInit
                0x0000af04        0xc ..\obj\usbringbuf.o
                0x0000af04                USBRingBufInit
 .text.Default_Handler
                0x0000af10        0x4 ..\obj\startup_Cortex_M4.o
                0x0000af10                PECI0_IRQHandler
                0x0000af10                GPIOPortP4_IRQHandler
                0x0000af10                PWM1Gen3_IRQHandler
                0x0000af10                DebugMon_Handler
                0x0000af10                QEI2_IRQHandler
                0x0000af10                FlashCtrl_IRQHandler
                0x0000af10                GPIOPortP7_IRQHandler
                0x0000af10                Timer0B_IRQHandler
                0x0000af10                I2C0_IRQHandler
                0x0000af10                HardFault_Handler
                0x0000af10                SysTick_Handler
                0x0000af10                PendSV_Handler
                0x0000af10                NMI_Handler
                0x0000af10                I2C1_IRQHandler
                0x0000af10                GPIOPortP5_IRQHandler
                0x0000af10                PWMGen0_IRQHandler
                0x0000af10                UART1_IRQHandler
                0x0000af10                CAN1_IRQHandler
                0x0000af10                Timer1B_IRQHandler
                0x0000af10                WTimer5A_IRQHandler
                0x0000af10                Watchdog_IRQHandler
                0x0000af10                GPIOPortS_IRQHandler
                0x0000af10                GPIOPortQ7_IRQHandler
                0x0000af10                PWM1Gen2_IRQHandler
                0x0000af10                UART0_IRQHandler
                0x0000af10                GPIOPortL_IRQHandler
                0x0000af10                SSI0_IRQHandler
                0x0000af10                GPIOPortM_IRQHandler
                0x0000af10                FPU_IRQHandler
                0x0000af10                UsageFault_Handler
                0x0000af10                ADCSeq1_IRQHandler
                0x0000af10                GPIOPortP0_IRQHandler
                0x0000af10                LPC0_IRQHandler
                0x0000af10                PWMFault_IRQHandler
                0x0000af10                I2C5_IRQHandler
                0x0000af10                I2C4_IRQHandler
                0x0000af10                GPIOPortQ5_IRQHandler
                0x0000af10                PWMGen1_IRQHandler
                0x0000af10                SSI1_IRQHandler
                0x0000af10                I2C2_IRQHandler
                0x0000af10                uDMA_IRQHandler
                0x0000af10                UART5_IRQHandler
                0x0000af10                WTimer5B_IRQHandler
                0x0000af10                GPIOPortK_IRQHandler
                0x0000af10                ADCSeq2_IRQHandler
                0x0000af10                PWMGen2_IRQHandler
                0x0000af10                UART2_IRQHandler
                0x0000af10                GPIOPortP3_IRQHandler
                0x0000af10                ADC1Seq0_IRQHandler
                0x0000af10                UART4_IRQHandler
                0x0000af10                GPIOPortJ_IRQHandler
                0x0000af10                WTimer2B_IRQHandler
                0x0000af10                Timer5A_IRQHandler
                0x0000af10                WTimer0A_IRQHandler
                0x0000af10                Timer4A_IRQHandler
                0x0000af10                WTimer1A_IRQHandler
                0x0000af10                uDMAErr_IRQHandler
                0x0000af10                QEI1_IRQHandler
                0x0000af10                PWM1Fault_IRQHandler
                0x0000af10                GPIOPortP6_IRQHandler
                0x0000af10                WTimer3A_IRQHandler
                0x0000af10                QEI0_IRQHandler
                0x0000af10                WTimer1B_IRQHandler
                0x0000af10                ADC1Seq2_IRQHandler
                0x0000af10                ADC1Seq1_IRQHandler
                0x0000af10                PWMGen3_IRQHandler
                0x0000af10                GPIOPortD_IRQHandler
                0x0000af10                USB0_IRQHandler
                0x0000af10                I2C3_IRQHandler
                0x0000af10                WTimer0B_IRQHandler
                0x0000af10                MemManage_Handler
                0x0000af10                SVC_Handler
                0x0000af10                GPIOPortP2_IRQHandler
                0x0000af10                GPIOPortQ4_IRQHandler
                0x0000af10                Timer3B_IRQHandler
                0x0000af10                Timer3A_IRQHandler
                0x0000af10                GPIOPortA_IRQHandler
                0x0000af10                ADC1Seq3_IRQHandler
                0x0000af10                Timer0A_IRQHandler
                0x0000af10                GPIOPortP1_IRQHandler
                0x0000af10                ADCSeq0_IRQHandler
                0x0000af10                Timer1A_IRQHandler
                0x0000af10                GPIOPortG_IRQHandler
                0x0000af10                WTimer3B_IRQHandler
                0x0000af10                Fan0_IRQHandler
                0x0000af10                GPIOPortQ3_IRQHandler
                0x0000af10                GPIOPortQ1_IRQHandler
                0x0000af10                Timer5B_IRQHandler
                0x0000af10                ADCSeq3_IRQHandler
                0x0000af10                GPIOPortE_IRQHandler
                0x0000af10                WTimer4B_IRQHandler
                0x0000af10                CAN0_IRQHandler
                0x0000af10                GPIOPortQ0_IRQHandler
                0x0000af10                Comp0_IRQHandler
                0x0000af10                Comp1_IRQHandler
                0x0000af10                Comp2_IRQHandler
                0x0000af10                GPIOPortQ6_IRQHandler
                0x0000af10                SSI2_IRQHandler
                0x0000af10                PWM1Gen0_IRQHandler
                0x0000af10                GPIOPortF_IRQHandler
                0x0000af10                UART7_IRQHandler
                0x0000af10                UART6_IRQHandler
                0x0000af10                GPIOPortB_IRQHandler
                0x0000af10                CAN2_IRQHandler
                0x0000af10                GPIOPortH_IRQHandler
                0x0000af10                GPIOPortQ2_IRQHandler
                0x0000af10                GPIOPortR_IRQHandler
                0x0000af10                Timer4B_IRQHandler
                0x0000af10                BusFault_Handler
                0x0000af10                WTimer4A_IRQHandler
                0x0000af10                Timer2A_IRQHandler
                0x0000af10                SSI3_IRQHandler
                0x0000af10                Timer2B_IRQHandler
                0x0000af10                GPIOPortN_IRQHandler
                0x0000af10                UART3_IRQHandler
                0x0000af10                SysCtrl_IRQHandler
                0x0000af10                WTimer2A_IRQHandler
                0x0000af10                Hibernate_IRQHandler
                0x0000af10                PWM1Gen1_IRQHandler
 .text.Default_Reset_Handler
                0x0000af14       0x60 ..\obj\startup_Cortex_M4.o
                0x0000af14                Default_Reset_Handler
                0x0000af14                Reset_Handler
 .text.CPUcpsid
                0x0000af74        0x8 ..\obj\cpu.o
                0x0000af74                CPUcpsid
 .text.CPUcpsie
                0x0000af7c        0x8 ..\obj\cpu.o
                0x0000af7c                CPUcpsie
 .text.USBDescGetNum
                0x0000af84       0x30 ..\obj\usbdesc.o
                0x0000af84                USBDescGetNum
 .text.USBDescGet
                0x0000afb4       0x34 ..\obj\usbdesc.o
                0x0000afb4                USBDescGet
 .text.uDMAChannelEnable
                0x0000afe8       0x14 ..\obj\udma.o
                0x0000afe8                uDMAChannelEnable
 .text.uDMAChannelDisable
                0x0000affc       0x14 ..\obj\udma.o
                0x0000affc                uDMAChannelDisable
 .text.uDMAChannelAttributeDisable
                0x0000b010       0x50 ..\obj\udma.o
                0x0000b010                uDMAChannelAttributeDisable
 .text.uDMAChannelControlSet
                0x0000b060       0x20 ..\obj\udma.o
                0x0000b060                uDMAChannelControlSet
 .text.uDMAChannelTransferSet
                0x0000b080       0x80 ..\obj\udma.o
                0x0000b080                uDMAChannelTransferSet
 .text.uDMAChannelModeGet
                0x0000b100       0x24 ..\obj\udma.o
                0x0000b100                uDMAChannelModeGet
 *fill*         0x0000b124        0x4 
 .text.floor    0x0000b128      0x120 c:/program files (x86)/gnu tools arm embedded/4.9 2015q1/bin/../lib/gcc/arm-none-eabi/4.9.3/../../../../arm-none-eabi/lib/armv7e-m/fpu\libm.a(lib_a-s_floor.o)
                0x0000b128                floor
 .text.log10    0x0000b248      0x110 c:/program files (x86)/gnu tools arm embedded/4.9 2015q1/bin/../lib/gcc/arm-none-eabi/4.9.3/../../../../arm-none-eabi/lib/armv7e-m/fpu\libm.a(lib_a-w_log10.o)
                0x0000b248                log10
 .text.pow      0x0000b358      0x340 c:/program files (x86)/gnu tools arm embedded/4.9 2015q1/bin/../lib/gcc/arm-none-eabi/4.9.3/../../../../arm-none-eabi/lib/armv7e-m/fpu\libm.a(lib_a-w_pow.o)
                0x0000b358                pow
 .text.__ieee754_log10
                0x0000b698      0x138 c:/program files (x86)/gnu tools arm embedded/4.9 2015q1/bin/../lib/gcc/arm-none-eabi/4.9.3/../../../../arm-none-eabi/lib/armv7e-m/fpu\libm.a(lib_a-e_log10.o)
                0x0000b698                __ieee754_log10
 .text.__ieee754_pow
                0x0000b7d0      0xae0 c:/program files (x86)/gnu tools arm embedded/4.9 2015q1/bin/../lib/gcc/arm-none-eabi/4.9.3/../../../../arm-none-eabi/lib/armv7e-m/fpu\libm.a(lib_a-e_pow.o)
                0x0000b7d0                __ieee754_pow
 .text.__ieee754_sqrt
                0x0000c2b0      0x1a8 c:/program files (x86)/gnu tools arm embedded/4.9 2015q1/bin/../lib/gcc/arm-none-eabi/4.9.3/../../../../arm-none-eabi/lib/armv7e-m/fpu\libm.a(lib_a-e_sqrt.o)
                0x0000c2b0                __ieee754_sqrt
 .text.fabs     0x0000c458       0x10 c:/program files (x86)/gnu tools arm embedded/4.9 2015q1/bin/../lib/gcc/arm-none-eabi/4.9.3/../../../../arm-none-eabi/lib/armv7e-m/fpu\libm.a(lib_a-s_fabs.o)
                0x0000c458                fabs
 .text.finite   0x0000c468       0x10 c:/program files (x86)/gnu tools arm embedded/4.9 2015q1/bin/../lib/gcc/arm-none-eabi/4.9.3/../../../../arm-none-eabi/lib/armv7e-m/fpu\libm.a(lib_a-s_finite.o)
                0x0000c468                finite
 .text.__fpclassifyd
                0x0000c478       0x5c c:/program files (x86)/gnu tools arm embedded/4.9 2015q1/bin/../lib/gcc/arm-none-eabi/4.9.3/../../../../arm-none-eabi/lib/armv7e-m/fpu\libm.a(lib_a-s_fpclassify.o)
                0x0000c478                __fpclassifyd
 .text.matherr  0x0000c4d4        0x4 c:/program files (x86)/gnu tools arm embedded/4.9 2015q1/bin/../lib/gcc/arm-none-eabi/4.9.3/../../../../arm-none-eabi/lib/armv7e-m/fpu\libm.a(lib_a-s_matherr.o)
                0x0000c4d4                matherr
 .text.nan      0x0000c4d8       0x10 c:/program files (x86)/gnu tools arm embedded/4.9 2015q1/bin/../lib/gcc/arm-none-eabi/4.9.3/../../../../arm-none-eabi/lib/armv7e-m/fpu\libm.a(lib_a-s_nan.o)
                0x0000c4d8                nan
 .text.rint     0x0000c4e8      0x124 c:/program files (x86)/gnu tools arm embedded/4.9 2015q1/bin/../lib/gcc/arm-none-eabi/4.9.3/../../../../arm-none-eabi/lib/armv7e-m/fpu\libm.a(lib_a-s_rint.o)
                0x0000c4e8                rint
 *fill*         0x0000c60c        0x4 
 .text.scalbn   0x0000c610      0x108 c:/program files (x86)/gnu tools arm embedded/4.9 2015q1/bin/../lib/gcc/arm-none-eabi/4.9.3/../../../../arm-none-eabi/lib/armv7e-m/fpu\libm.a(lib_a-s_scalbn.o)
                0x0000c610                scalbn
 .text.__ieee754_log
                0x0000c718      0x400 c:/program files (x86)/gnu tools arm embedded/4.9 2015q1/bin/../lib/gcc/arm-none-eabi/4.9.3/../../../../arm-none-eabi/lib/armv7e-m/fpu\libm.a(lib_a-e_log.o)
                0x0000c718                __ieee754_log
 .text.copysign
                0x0000cb18       0x1c c:/program files (x86)/gnu tools arm embedded/4.9 2015q1/bin/../lib/gcc/arm-none-eabi/4.9.3/../../../../arm-none-eabi/lib/armv7e-m/fpu\libm.a(lib_a-s_copysign.o)
                0x0000cb18                copysign
 .text          0x0000cb34      0x370 c:/program files (x86)/gnu tools arm embedded/4.9 2015q1/bin/../lib/gcc/arm-none-eabi/4.9.3/armv7e-m/fpu\libgcc.a(_arm_addsubdf3.o)
                0x0000cb34                __aeabi_drsub
                0x0000cb3c                __aeabi_dsub
                0x0000cb3c                __subdf3
                0x0000cb40                __aeabi_dadd
                0x0000cb40                __adddf3
                0x0000cdb8                __floatunsidf
                0x0000cdb8                __aeabi_ui2d
                0x0000cdd8                __floatsidf
                0x0000cdd8                __aeabi_i2d
                0x0000cdfc                __aeabi_f2d
                0x0000cdfc                __extendsfdf2
                0x0000ce38                __floatundidf
                0x0000ce38                __aeabi_ul2d
                0x0000ce48                __floatdidf
                0x0000ce48                __aeabi_l2d
 .text          0x0000cea4      0x424 c:/program files (x86)/gnu tools arm embedded/4.9 2015q1/bin/../lib/gcc/arm-none-eabi/4.9.3/armv7e-m/fpu\libgcc.a(_arm_muldivdf3.o)
                0x0000cea4                __aeabi_dmul
                0x0000cea4                __muldf3
                0x0000d0f8                __divdf3
                0x0000d0f8                __aeabi_ddiv
 .text          0x0000d2c8      0x110 c:/program files (x86)/gnu tools arm embedded/4.9 2015q1/bin/../lib/gcc/arm-none-eabi/4.9.3/armv7e-m/fpu\libgcc.a(_arm_cmpdf2.o)
                0x0000d2c8                __gtdf2
                0x0000d2c8                __gedf2
                0x0000d2d0                __ltdf2
                0x0000d2d0                __ledf2
                0x0000d2d8                __nedf2
                0x0000d2d8                __eqdf2
                0x0000d2d8                __cmpdf2
                0x0000d354                __aeabi_cdrcmple
                0x0000d364                __aeabi_cdcmpeq
                0x0000d364                __aeabi_cdcmple
                0x0000d374                __aeabi_dcmpeq
                0x0000d388                __aeabi_dcmplt
                0x0000d39c                __aeabi_dcmple
                0x0000d3b0                __aeabi_dcmpge
                0x0000d3c4                __aeabi_dcmpgt
 .text          0x0000d3d8       0x2c c:/program files (x86)/gnu tools arm embedded/4.9 2015q1/bin/../lib/gcc/arm-none-eabi/4.9.3/armv7e-m/fpu\libgcc.a(_arm_unorddf2.o)
                0x0000d3d8                __unorddf2
                0x0000d3d8                __aeabi_dcmpun
 .text          0x0000d404       0x50 c:/program files (x86)/gnu tools arm embedded/4.9 2015q1/bin/../lib/gcc/arm-none-eabi/4.9.3/armv7e-m/fpu\libgcc.a(_arm_fixdfsi.o)
                0x0000d404                __aeabi_d2iz
                0x0000d404                __fixdfsi
 .text          0x0000d454       0xa0 c:/program files (x86)/gnu tools arm embedded/4.9 2015q1/bin/../lib/gcc/arm-none-eabi/4.9.3/armv7e-m/fpu\libgcc.a(_arm_truncdfsf2.o)
                0x0000d454                __truncdfsf2
                0x0000d454                __aeabi_d2f
 .text.__errno  0x0000d4f4        0xc c:/program files (x86)/gnu tools arm embedded/4.9 2015q1/bin/../lib/gcc/arm-none-eabi/4.9.3/../../../../arm-none-eabi/lib/armv7e-m/fpu\libg.a(lib_a-errno.o)
                0x0000d4f4                __errno
 .text.strcat   0x0000d500       0x40 c:/program files (x86)/gnu tools arm embedded/4.9 2015q1/bin/../lib/gcc/arm-none-eabi/4.9.3/../../../../arm-none-eabi/lib/armv7e-m/fpu\libg.a(lib_a-strcat.o)
                0x0000d500                strcat
 .text.strcpy   0x0000d540       0xbc c:/program files (x86)/gnu tools arm embedded/4.9 2015q1/bin/../lib/gcc/arm-none-eabi/4.9.3/../../../../arm-none-eabi/lib/armv7e-m/fpu\libg.a(lib_a-strcpy.o)
                0x0000d540                strcpy
 .text.strlen   0x0000d5fc       0x5c c:/program files (x86)/gnu tools arm embedded/4.9 2015q1/bin/../lib/gcc/arm-none-eabi/4.9.3/../../../../arm-none-eabi/lib/armv7e-m/fpu\libg.a(lib_a-strlen.o)
                0x0000d5fc                strlen
 *(.init)
 *(.fini)
 *crtbegin.o(.ctors)
 *crtbegin?.o(.ctors)
 *(EXCLUDE_FILE(*crtend.o *crtend?.o) .ctors)
 *(SORT(.ctors.*))
 *(.ctors)
 *crtbegin.o(.dtors)
 *crtbegin?.o(.dtors)
 *(EXCLUDE_FILE(*crtend.o *crtend?.o) .dtors)
 *(SORT(.dtors.*))
 *(.dtors)
 *(.rodata*)
 .rodata.str1.4
                0x0000d658      0x140 ..\obj\datalogger.o
                                0x144 (size before relaxing)
 .rodata        0x0000d798       0x34 ..\obj\usbdenum.o
 .rodata        0x0000d7cc       0xa0 ..\obj\timer.o
 .rodata        0x0000d86c        0xc ..\obj\main.o
                0x0000d86c                newline
                0x0000d870                comma
                0x0000d874                null
 .rodata.str1.4
                0x00000000        0xc ..\obj\main.o
 .rodata        0x0000d878      0x1c4 ..\obj\sysctl.o
 .rodata        0x0000da3c      0x210 ..\obj\gpio.o
 .rodata        0x0000dc4c      0x10c ..\obj\interrupt.o
 .rodata        0x0000dd58       0xdc ..\obj\usb_serial_structs.o
                0x0000dd58                g_ppui8StringDescriptors
                0x0000dd70                g_pui8ConfigString
                0x0000dda8                g_pui8ControlInterfaceString
                0x0000ddd4                g_pui8SerialNumberString
                0x0000dde8                g_pui8ProductString
                0x0000de0c                g_pui8ManufacturerString
                0x0000de30                g_pui8LangDescriptor
 .rodata.str1.4
                0x0000de34        0xf ..\obj\ff.o
                                 0x10 (size before relaxing)
 *fill*         0x0000de43        0x1 
 .rodata        0x0000de44       0x48 ..\obj\oneWire.o
                0x0000de44                timerList
 .rodata        0x0000de8c       0xdc ..\obj\usbdcdc.o
                0x0000de8c                g_sCDCHandlers
                0x0000debc                g_pCDCCompSerConfigDescriptors
                0x0000dec0                g_ppCDCSerConfigDescriptorsHS
                0x0000dec4                g_pCDCCompSerConfigDescriptorsHS
                0x0000dec8                g_ppCDCSerConfigDescriptors
                0x0000decc                g_sCDCCompSerConfigHeaderHS
                0x0000ded4                g_sCDCCompSerConfigHeader
                0x0000dedc                g_sCDCSerConfigHeaderHS
                0x0000dee4                g_sCDCSerConfigHeader
                0x0000deec                g_sCDCSerDataInterfaceSectionHS
                0x0000def4                g_pui8CDCSerDataInterfaceHS
                0x0000df0c                g_sCDCSerDataInterfaceSection
                0x0000df14                g_pui8CDCSerDataInterface
                0x0000df2c                g_sCDCSerCommInterfaceSection
                0x0000df34                g_pui8CDCSerCommInterface
                0x0000df58                g_sIADSerConfigSection
                0x0000df60                g_sCDCSerConfigSection
 .rodata.str1.4
                0x0000df68        0x6 c:/program files (x86)/gnu tools arm embedded/4.9 2015q1/bin/../lib/gcc/arm-none-eabi/4.9.3/../../../../arm-none-eabi/lib/armv7e-m/fpu\libm.a(lib_a-w_log10.o)
                                  0xc (size before relaxing)
 *fill*         0x0000df6e        0x2 
 .rodata.str1.4
                0x0000df70        0x4 c:/program files (x86)/gnu tools arm embedded/4.9 2015q1/bin/../lib/gcc/arm-none-eabi/4.9.3/../../../../arm-none-eabi/lib/armv7e-m/fpu\libm.a(lib_a-w_pow.o)
 *fill*         0x0000df74        0x4 
 .rodata.dp_h   0x0000df78       0x10 c:/program files (x86)/gnu tools arm embedded/4.9 2015q1/bin/../lib/gcc/arm-none-eabi/4.9.3/../../../../arm-none-eabi/lib/armv7e-m/fpu\libm.a(lib_a-e_pow.o)
 .rodata.dp_l   0x0000df88       0x10 c:/program files (x86)/gnu tools arm embedded/4.9 2015q1/bin/../lib/gcc/arm-none-eabi/4.9.3/../../../../arm-none-eabi/lib/armv7e-m/fpu\libm.a(lib_a-e_pow.o)
 .rodata.bp     0x0000df98       0x10 c:/program files (x86)/gnu tools arm embedded/4.9 2015q1/bin/../lib/gcc/arm-none-eabi/4.9.3/../../../../arm-none-eabi/lib/armv7e-m/fpu\libm.a(lib_a-e_pow.o)
 .rodata.str1.4
                0x00000000        0x4 c:/program files (x86)/gnu tools arm embedded/4.9 2015q1/bin/../lib/gcc/arm-none-eabi/4.9.3/../../../../arm-none-eabi/lib/armv7e-m/fpu\libm.a(lib_a-e_pow.o)
 .rodata.TWO52  0x0000dfa8       0x10 c:/program files (x86)/gnu tools arm embedded/4.9 2015q1/bin/../lib/gcc/arm-none-eabi/4.9.3/../../../../arm-none-eabi/lib/armv7e-m/fpu\libm.a(lib_a-s_rint.o)
 .rodata.str1.4
                0x0000dfb8        0x4 c:/program files (x86)/gnu tools arm embedded/4.9 2015q1/bin/../lib/gcc/arm-none-eabi/4.9.3/../../../../arm-none-eabi/lib/armv7e-m/fpu\libg.a(lib_a-impure.o)
 *(.eh_fram e*)

.glue_7         0x0000dfbc        0x0
 .glue_7        0x00000000        0x0 linker stubs

.glue_7t        0x0000dfbc        0x0
 .glue_7t       0x00000000        0x0 linker stubs

.vfp11_veneer   0x0000dfbc        0x0
 .vfp11_veneer  0x00000000        0x0 linker stubs

.v4_bx          0x0000dfbc        0x0
 .v4_bx         0x00000000        0x0 linker stubs

.iplt           0x0000dfbc        0x0
 .iplt          0x00000000        0x0 ..\obj\hibernate.o

.rel.dyn        0x0000dfbc        0x0
 .rel.iplt      0x00000000        0x0 ..\obj\hibernate.o

.ARM.extab
 *(.ARM.extab* .gnu.linkonce.armextab.*)
                0x0000dfbc                __exidx_start = .

.ARM.exidx
 *(.ARM.exidx* .gnu.linkonce.armexidx.*)
                0x0000dfbc                __exidx_end = .
                0x0000dfbc                __etext = .
                0x0000dfbc                _sidata = __etext

.data           0x20000000      0x9ec load address 0x0000dfbc
                0x20000000                __data_start__ = .
                0x20000000                _sdata = __data_start__
 *(vtable)
 vtable         0x20000000      0x400 ..\obj\interrupt.o
 *(.data*)
 .data          0x20000400       0x40 ..\obj\datalogger.o
                0x20000400                stack
                0x20000430                PRECISION
                0x20000438                MAX_NUMBER_STRING_SIZE
 .data          0x20000440        0x4 ..\obj\usbdenum.o
 .data          0x20000444        0x2 ..\obj\usbmode.o
                0x20000445                g_iUSBMode
 *fill*         0x20000446        0x2 
 .data          0x20000448       0x34 ..\obj\main.o
                0x20000448                HibReg
 .data          0x2000047c        0x8 ..\obj\usbserial.o
 .data          0x20000484       0xd0 ..\obj\usb_serial_structs.o
                0x20000484                g_sTxBuffer
                0x200004bc                g_sRxBuffer
                0x200004f4                g_sCDCDevice
 .data          0x20000554        0x4 ..\obj\oneWire.o
 .data          0x20000558       0x64 ..\obj\usbdcdc.o
                0x2000055c                g_pui8CDCSerDeviceDescriptor
                0x20000570                g_pui8CDCSerDescriptor
                0x2000057c                g_psCDCCompSerSectionsHS
                0x2000058c                g_psCDCCompSerSections
                0x2000059c                g_psCDCSerSectionsHS
                0x200005a8                g_psCDCSerSections
                0x200005b4                g_pui8IADSerDescriptor
 .data          0x200005bc        0x1 ..\obj\mmc-dk-tm4c123g.o
 .data.__fdlib_version
                0x200005bd        0x1 c:/program files (x86)/gnu tools arm embedded/4.9 2015q1/bin/../lib/gcc/arm-none-eabi/4.9.3/../../../../arm-none-eabi/lib/armv7e-m/fpu\libm.a(lib_a-s_lib_ver.o)
                0x200005bd                __fdlib_version
 *fill*         0x200005be        0x2 
 .data.impure_data
                0x200005c0      0x428 c:/program files (x86)/gnu tools arm embedded/4.9 2015q1/bin/../lib/gcc/arm-none-eabi/4.9.3/../../../../arm-none-eabi/lib/armv7e-m/fpu\libg.a(lib_a-impure.o)
 .data._impure_ptr
                0x200009e8        0x4 c:/program files (x86)/gnu tools arm embedded/4.9 2015q1/bin/../lib/gcc/arm-none-eabi/4.9.3/../../../../arm-none-eabi/lib/armv7e-m/fpu\libg.a(lib_a-impure.o)
                0x200009e8                _impure_ptr
                0x200009ec                . = ALIGN (0x4)
                0x200009ec                PROVIDE (__preinit_array_start, .)
 *(.preinit_array)
                0x200009ec                PROVIDE (__preinit_array_end, .)
                0x200009ec                . = ALIGN (0x4)
                0x200009ec                PROVIDE (__init_array_start, .)
 *(SORT(.init_array.*))
 *(.init_array)
                0x200009ec                PROVIDE (__init_array_end, .)
                0x200009ec                . = ALIGN (0x4)
                0x200009ec                PROVIDE (__fini_array_start, .)
 *(SORT(.fini_array.*))
 *(.fini_array)
                0x200009ec                PROVIDE (__fini_array_end, .)
 *(.jcr*)
                0x200009ec                . = ALIGN (0x4)
                0x200009ec                __data_end__ = .
                0x200009ec                _edata = __data_end__

.igot.plt       0x200009ec        0x0 load address 0x0000e9a8
 .igot.plt      0x00000000        0x0 ..\obj\hibernate.o

.bss            0x200009ec      0xb9c load address 0x0000e9a8
                0x200009ec                . = ALIGN (0x4)
                0x200009ec                __bss_start__ = .
                0x200009ec                _sbss = __bss_start__
 *(.bss*)
 .bss           0x200009ec       0x24 ..\obj\datalogger.o
                0x20000a04                USBTxData
 .bss           0x20000a10       0x48 ..\obj\usbdenum.o
 .bss           0x20000a58        0x8 ..\obj\usbmode.o
                0x20000a58                g_ui32WaitTicks
 .bss           0x20000a60      0x110 ..\obj\usbdma.o
 .bss           0x20000b70        0xc ..\obj\usbtick.o
                0x20000b70                g_bUSBTimerInitialized
                0x20000b74                g_ui32CurrentUSBTick
                0x20000b78                g_ui32USBSOFCount
 .bss           0x20000b7c        0xc ..\obj\main.o
                0x20000b7c                USBDataloggingFlag
                0x20000b80                j
                0x20000b84                i
 .bss           0x20000b88        0x8 ..\obj\usbserial.o
                0x20000b8c                usb_counter
 .bss           0x20000b90        0xc ..\obj\ff.o
 .bss           0x20000b9c        0x4 ..\obj\mmc-dk-tm4c123g.o
 *(COMMON)
 COMMON         0x20000ba0        0x8 ..\obj\delay.o
                0x20000ba0                _USDELAY_BASE
                0x20000ba4                _MSDELAY_BASE
 COMMON         0x20000ba8       0x70 ..\obj\datalogger.o
                0x20000ba8                USBhrRaw
                0x20000bac                GetHIHRaw
                0x20000bb0                TsMSB
                0x20000bb4                ulPeriod
                0x20000bb8                LSB
                0x20000bbc                oneWirePort
                0x20000bc8                MSB
                0x20000bcc                TsLSB
                0x20000bd0                allRoms
                0x20000c08                USBTbsRaw
                0x20000c0a                hr
                0x20000c0c                Tbs
                0x20000c10                flashGet
 COMMON         0x20000c18       0x54 ..\obj\usbdenum.o
                0x20000c18                g_psDCDInst
                0x20000c68                g_ppsDevInfo
 COMMON         0x20000c6c       0x30 ..\obj\usbtick.o
                0x20000c6c                g_pvTickInstance
                0x20000c84                g_pfnTickHandlers
 COMMON         0x20000c9c      0x6e8 ..\obj\main.o
                0x20000c9c                SD_Read
                0x20000ca0                PeriodBytes
                0x20000ca4                ui8Index
                0x20000ca8                fno
                0x20000cc0                FatFs
                0x20000ef8                flashPeriod
                0x20000f00                hibPeriod
                0x20000f04                month
                0x20000f08                line
                0x20001108                br
                0x2000110c                SWRead
                0x20001110                GPIOIntState
                0x20001114                dir_time
                0x2000111c                dir_date
                0x20001128                filesize
                0x2000112c                flashTest
                0x20001134                hour
                0x20001138                read_byte
                0x2000113c                fr
                0x20001140                dir
                0x20001144                min
                0x20001145                year
                0x20001148                RxDataFrame
                0x20001151                sec
                0x20001152                day
                0x20001154                USBProcessDataFlag
                0x20001158                ulStatus
                0x2000115c                date
                0x20001160                fil
 COMMON         0x20001384      0x200 ..\obj\usb_serial_structs.o
                0x20001384                g_pui8USBRxBuffer
                0x20001484                g_pui8USBTxBuffer
 COMMON         0x20001584        0x2 ..\obj\oneWire.o
                0x20001584                usedTimer
                0x20001588                . = ALIGN (0x4)
 *fill*         0x20001586        0x2 
                0x20001588                __bss_end__ = .
                0x20001588                _ebss = __bss_end__

.heap           0x20001588        0x0
                0x20001588                __end__ = .
                0x20001588                _end = __end__
                0x20001588                end = __end__
 *(.heap*)
                0x20001588                __HeapLimit = .

.co_stack       0x20001588     0x4800 load address 0x0000f544
                0x20001588                . = ALIGN (0x8)
 *(.co_stack .co_stack.*)
 .co_stack      0x20001588     0x4800 ..\obj\startup_Cortex_M4.o
                0x20001588                pulStack
                0x20008000                __StackTop = (ORIGIN (ram) + 0x8000)
                0x20003800                __StackLimit = (__StackTop - SIZEOF (.co_stack))
                0x20008000                PROVIDE (__stack, __StackTop)
                0x00000001                ASSERT ((__StackLimit >= __HeapLimit), region ram  overflowed with stack)
LOAD ..\obj\hibernate.o
LOAD ..\obj\delay.o
LOAD ..\obj\datalogger.o
LOAD ..\obj\usbdhidgamepad.o
LOAD ..\obj\i2c.o
LOAD ..\obj\usbdenum.o
LOAD ..\obj\usbhhub.o
LOAD ..\obj\usbhmsc.o
LOAD ..\obj\usbdcdesc.o
LOAD ..\obj\usbddfu-rt.o
LOAD ..\obj\flash.o
LOAD ..\obj\timer.o
LOAD ..\obj\usbdaudio.o
LOAD ..\obj\usbkeyboardmap.o
LOAD ..\obj\emac.o
LOAD ..\obj\usbdconfig.o
LOAD ..\obj\pwm.o
LOAD ..\obj\usbbuffer.o
LOAD ..\obj\usbmode.o
LOAD ..\obj\uart.o
LOAD ..\obj\usbdhid.o
LOAD ..\obj\usbulpi.o
LOAD ..\obj\usbdma.o
LOAD ..\obj\fpu.o
LOAD ..\obj\usbdcomp.o
LOAD ..\obj\sw_crc.o
LOAD ..\obj\usbtick.o
LOAD ..\obj\epi.o
LOAD ..\obj\main.o
LOAD ..\obj\sysctl.o
LOAD ..\obj\usb.o
LOAD ..\obj\usbhhidmouse.o
LOAD ..\obj\usbdhandler.o
LOAD ..\obj\usbhaudio.o
LOAD ..\obj\shamd5.o
LOAD ..\obj\can.o
LOAD ..\obj\watchdog.o
LOAD ..\obj\comp.o
LOAD ..\obj\gpio.o
LOAD ..\obj\aes.o
LOAD ..\obj\usbserial.o
LOAD ..\obj\leds.o
LOAD ..\obj\crc.o
LOAD ..\obj\usbhhidkeyboard.o
LOAD ..\obj\interrupt.o
LOAD ..\obj\usbdhidkeyb.o
LOAD ..\obj\usbhostenum.o
LOAD ..\obj\mpu.o
LOAD ..\obj\usbhhid.o
LOAD ..\obj\syscalls.o
LOAD ..\obj\ssi.o
LOAD ..\obj\adc.o
LOAD ..\obj\usbhscsi.o
LOAD ..\obj\usb_serial_structs.o
LOAD ..\obj\usbdmsc.o
LOAD ..\obj\ff.o
LOAD ..\obj\oneWire.o
LOAD ..\obj\usbdcdc.o
LOAD ..\obj\lcd.o
LOAD ..\obj\qei.o
LOAD ..\obj\mmc-dk-tm4c123g.o
LOAD ..\obj\sysexc.o
LOAD ..\obj\usbringbuf.o
LOAD ..\obj\startup_Cortex_M4.o
LOAD ..\obj\cpu.o
LOAD ..\obj\usbdesc.o
LOAD ..\obj\usbdhidmouse.o
LOAD ..\obj\systick.o
LOAD ..\obj\udma.o
LOAD ..\obj\usbdbulk.o
LOAD ..\obj\des.o
LOAD ..\obj\eeprom.o
LOAD c:/program files (x86)/gnu tools arm embedded/4.9 2015q1/bin/../lib/gcc/arm-none-eabi/4.9.3/../../../../arm-none-eabi/lib/armv7e-m/fpu\libm.a
START GROUP
LOAD c:/program files (x86)/gnu tools arm embedded/4.9 2015q1/bin/../lib/gcc/arm-none-eabi/4.9.3/armv7e-m/fpu\libgcc.a
LOAD c:/program files (x86)/gnu tools arm embedded/4.9 2015q1/bin/../lib/gcc/arm-none-eabi/4.9.3/../../../../arm-none-eabi/lib/armv7e-m/fpu\libg.a
LOAD c:/program files (x86)/gnu tools arm embedded/4.9 2015q1/bin/../lib/gcc/arm-none-eabi/4.9.3/../../../../arm-none-eabi/lib/armv7e-m/fpu\libc.a
END GROUP
OUTPUT(Final006.elf elf32-littlearm)

.debug_info     0x00000000    0x20bbb
 .debug_info    0x00000000      0xca2 ..\obj\hibernate.o
 .debug_info    0x00000ca2      0x10c ..\obj\delay.o
 .debug_info    0x00000dae     0x44b8 ..\obj\datalogger.o
 .debug_info    0x00005266      0xcd2 ..\obj\i2c.o
 .debug_info    0x00005f38     0x23ce ..\obj\usbdenum.o
 .debug_info    0x00008306      0x710 ..\obj\usbdcdesc.o
 .debug_info    0x00008a16      0x51a ..\obj\flash.o
 .debug_info    0x00008f30      0xb80 ..\obj\timer.o
 .debug_info    0x00009ab0      0xbc2 ..\obj\usbdconfig.o
 .debug_info    0x0000a672      0xc20 ..\obj\usbbuffer.o
 .debug_info    0x0000b292     0x1012 ..\obj\usbmode.o
 .debug_info    0x0000c2a4      0x20c ..\obj\usbulpi.o
 .debug_info    0x0000c4b0     0x10aa ..\obj\usbdma.o
 .debug_info    0x0000d55a      0x165 ..\obj\fpu.o
 .debug_info    0x0000d6bf      0x1f1 ..\obj\usbtick.o
 .debug_info    0x0000d8b0      0xfd1 ..\obj\main.o
 .debug_info    0x0000e881      0xc52 ..\obj\sysctl.o
 .debug_info    0x0000f4d3     0x1d04 ..\obj\usb.o
 .debug_info    0x000111d7       0xff ..\obj\usbdhandler.o
 .debug_info    0x000112d6     0x13cc ..\obj\gpio.o
 .debug_info    0x000126a2      0xcc7 ..\obj\usbserial.o
 .debug_info    0x00013369      0x4bf ..\obj\interrupt.o
 .debug_info    0x00013828      0x74c ..\obj\ssi.o
 .debug_info    0x00013f74      0x8eb ..\obj\usb_serial_structs.o
 .debug_info    0x0001485f     0x2991 ..\obj\ff.o
 .debug_info    0x000171f0     0x54bb ..\obj\oneWire.o
 .debug_info    0x0001c6ab     0x1fa3 ..\obj\usbdcdc.o
 .debug_info    0x0001e64e     0x10fd ..\obj\mmc-dk-tm4c123g.o
 .debug_info    0x0001f74b      0x601 ..\obj\usbringbuf.o
 .debug_info    0x0001fd4c      0x154 ..\obj\startup_Cortex_M4.o
 .debug_info    0x0001fea0      0x147 ..\obj\cpu.o
 .debug_info    0x0001ffe7      0x542 ..\obj\usbdesc.o
 .debug_info    0x00020529      0x692 ..\obj\udma.o

.debug_abbrev   0x00000000     0x3e31
 .debug_abbrev  0x00000000      0x219 ..\obj\hibernate.o
 .debug_abbrev  0x00000219       0x94 ..\obj\delay.o
 .debug_abbrev  0x000002ad      0x425 ..\obj\datalogger.o
 .debug_abbrev  0x000006d2      0x18f ..\obj\i2c.o
 .debug_abbrev  0x00000861      0x367 ..\obj\usbdenum.o
 .debug_abbrev  0x00000bc8      0x1cf ..\obj\usbdcdesc.o
 .debug_abbrev  0x00000d97      0x189 ..\obj\flash.o
 .debug_abbrev  0x00000f20      0x1a7 ..\obj\timer.o
 .debug_abbrev  0x000010c7      0x264 ..\obj\usbdconfig.o
 .debug_abbrev  0x0000132b      0x265 ..\obj\usbbuffer.o
 .debug_abbrev  0x00001590      0x2f9 ..\obj\usbmode.o
 .debug_abbrev  0x00001889       0xbe ..\obj\usbulpi.o
 .debug_abbrev  0x00001947      0x236 ..\obj\usbdma.o
 .debug_abbrev  0x00001b7d       0x9d ..\obj\fpu.o
 .debug_abbrev  0x00001c1a      0x115 ..\obj\usbtick.o
 .debug_abbrev  0x00001d2f      0x1ad ..\obj\main.o
 .debug_abbrev  0x00001edc      0x21f ..\obj\sysctl.o
 .debug_abbrev  0x000020fb      0x1dc ..\obj\usb.o
 .debug_abbrev  0x000022d7       0xaf ..\obj\usbdhandler.o
 .debug_abbrev  0x00002386      0x175 ..\obj\gpio.o
 .debug_abbrev  0x000024fb      0x2eb ..\obj\usbserial.o
 .debug_abbrev  0x000027e6      0x160 ..\obj\interrupt.o
 .debug_abbrev  0x00002946      0x18f ..\obj\ssi.o
 .debug_abbrev  0x00002ad5       0xf7 ..\obj\usb_serial_structs.o
 .debug_abbrev  0x00002bcc      0x29e ..\obj\ff.o
 .debug_abbrev  0x00002e6a      0x3ad ..\obj\oneWire.o
 .debug_abbrev  0x00003217      0x2d8 ..\obj\usbdcdc.o
 .debug_abbrev  0x000034ef      0x2cb ..\obj\mmc-dk-tm4c123g.o
 .debug_abbrev  0x000037ba      0x1a4 ..\obj\usbringbuf.o
 .debug_abbrev  0x0000395e       0xf3 ..\obj\startup_Cortex_M4.o
 .debug_abbrev  0x00003a51       0xc6 ..\obj\cpu.o
 .debug_abbrev  0x00003b17      0x154 ..\obj\usbdesc.o
 .debug_abbrev  0x00003c6b      0x1c6 ..\obj\udma.o

.debug_loc      0x00000000    0x13566
 .debug_loc     0x00000000      0x7d9 ..\obj\hibernate.o
 .debug_loc     0x000007d9       0x42 ..\obj\delay.o
 .debug_loc     0x0000081b     0x1432 ..\obj\datalogger.o
 .debug_loc     0x00001c4d      0x67f ..\obj\i2c.o
 .debug_loc     0x000022cc     0x1065 ..\obj\usbdenum.o
 .debug_loc     0x00003331      0x65b ..\obj\usbdcdesc.o
 .debug_loc     0x0000398c      0x494 ..\obj\flash.o
 .debug_loc     0x00003e20      0x77a ..\obj\timer.o
 .debug_loc     0x0000459a      0x588 ..\obj\usbdconfig.o
 .debug_loc     0x00004b22      0x978 ..\obj\usbbuffer.o
 .debug_loc     0x0000549a      0x30b ..\obj\usbmode.o
 .debug_loc     0x000057a5      0x10d ..\obj\usbulpi.o
 .debug_loc     0x000058b2      0xb87 ..\obj\usbdma.o
 .debug_loc     0x00006439       0x84 ..\obj\fpu.o
 .debug_loc     0x000064bd       0x97 ..\obj\usbtick.o
 .debug_loc     0x00006554      0xca9 ..\obj\sysctl.o
 .debug_loc     0x000071fd     0x1ecd ..\obj\usb.o
 .debug_loc     0x000090ca       0x1e ..\obj\usbdhandler.o
 .debug_loc     0x000090e8      0xc2c ..\obj\gpio.o
 .debug_loc     0x00009d14      0x2e9 ..\obj\usbserial.o
 .debug_loc     0x00009ffd      0x327 ..\obj\interrupt.o
 .debug_loc     0x0000a324      0x4e1 ..\obj\ssi.o
 .debug_loc     0x0000a805     0x3f1d ..\obj\ff.o
 .debug_loc     0x0000e722     0x1e7c ..\obj\oneWire.o
 .debug_loc     0x0001059e     0x158a ..\obj\usbdcdc.o
 .debug_loc     0x00011b28      0x977 ..\obj\mmc-dk-tm4c123g.o
 .debug_loc     0x0001249f      0x4bd ..\obj\usbringbuf.o
 .debug_loc     0x0001295c       0x2b ..\obj\startup_Cortex_M4.o
 .debug_loc     0x00012987      0x57c ..\obj\usbdesc.o
 .debug_loc     0x00012f03      0x663 ..\obj\udma.o

.debug_aranges  0x00000000     0x1a28
 .debug_aranges
                0x00000000      0x1b8 ..\obj\hibernate.o
 .debug_aranges
                0x000001b8       0x28 ..\obj\delay.o
 .debug_aranges
                0x000001e0      0x1a0 ..\obj\datalogger.o
 .debug_aranges
                0x00000380      0x1d0 ..\obj\i2c.o
 .debug_aranges
                0x00000550      0x108 ..\obj\usbdenum.o
 .debug_aranges
                0x00000658       0x50 ..\obj\usbdcdesc.o
 .debug_aranges
                0x000006a8       0x98 ..\obj\flash.o
 .debug_aranges
                0x00000740      0x150 ..\obj\timer.o
 .debug_aranges
                0x00000890       0x30 ..\obj\usbdconfig.o
 .debug_aranges
                0x000008c0       0x80 ..\obj\usbbuffer.o
 .debug_aranges
                0x00000940       0x78 ..\obj\usbmode.o
 .debug_aranges
                0x000009b8       0x28 ..\obj\usbulpi.o
 .debug_aranges
                0x000009e0       0xf8 ..\obj\usbdma.o
 .debug_aranges
                0x00000ad8       0x60 ..\obj\fpu.o
 .debug_aranges
                0x00000b38       0x38 ..\obj\usbtick.o
 .debug_aranges
                0x00000b70       0x28 ..\obj\main.o
 .debug_aranges
                0x00000b98      0x1d8 ..\obj\sysctl.o
 .debug_aranges
                0x00000d70      0x340 ..\obj\usb.o
 .debug_aranges
                0x000010b0       0x20 ..\obj\usbdhandler.o
 .debug_aranges
                0x000010d0      0x190 ..\obj\gpio.o
 .debug_aranges
                0x00001260       0x58 ..\obj\usbserial.o
 .debug_aranges
                0x000012b8       0xa0 ..\obj\interrupt.o
 .debug_aranges
                0x00001358       0xd8 ..\obj\ssi.o
 .debug_aranges
                0x00001430       0x18 ..\obj\usb_serial_structs.o
 .debug_aranges
                0x00001448      0x158 ..\obj\ff.o
 .debug_aranges
                0x000015a0       0xa8 ..\obj\oneWire.o
 .debug_aranges
                0x00001648      0x110 ..\obj\usbdcdc.o
 .debug_aranges
                0x00001758       0xa0 ..\obj\mmc-dk-tm4c123g.o
 .debug_aranges
                0x000017f8       0x98 ..\obj\usbringbuf.o
 .debug_aranges
                0x00001890       0x28 ..\obj\startup_Cortex_M4.o
 .debug_aranges
                0x000018b8       0x48 ..\obj\cpu.o
 .debug_aranges
                0x00001900       0x40 ..\obj\usbdesc.o
 .debug_aranges
                0x00001940       0xe8 ..\obj\udma.o

.debug_ranges   0x00000000     0x1ac8
 .debug_ranges  0x00000000      0x1a8 ..\obj\hibernate.o
 .debug_ranges  0x000001a8       0x18 ..\obj\delay.o
 .debug_ranges  0x000001c0      0x1c0 ..\obj\datalogger.o
 .debug_ranges  0x00000380      0x1c0 ..\obj\i2c.o
 .debug_ranges  0x00000540      0x118 ..\obj\usbdenum.o
 .debug_ranges  0x00000658       0x40 ..\obj\usbdcdesc.o
 .debug_ranges  0x00000698       0x88 ..\obj\flash.o
 .debug_ranges  0x00000720      0x140 ..\obj\timer.o
 .debug_ranges  0x00000860       0x70 ..\obj\usbdconfig.o
 .debug_ranges  0x000008d0       0x70 ..\obj\usbbuffer.o
 .debug_ranges  0x00000940       0x68 ..\obj\usbmode.o
 .debug_ranges  0x000009a8       0x18 ..\obj\usbulpi.o
 .debug_ranges  0x000009c0       0xe8 ..\obj\usbdma.o
 .debug_ranges  0x00000aa8       0x50 ..\obj\fpu.o
 .debug_ranges  0x00000af8       0x28 ..\obj\usbtick.o
 .debug_ranges  0x00000b20       0x18 ..\obj\main.o
 .debug_ranges  0x00000b38      0x1c8 ..\obj\sysctl.o
 .debug_ranges  0x00000d00      0x330 ..\obj\usb.o
 .debug_ranges  0x00001030       0x10 ..\obj\usbdhandler.o
 .debug_ranges  0x00001040      0x180 ..\obj\gpio.o
 .debug_ranges  0x000011c0       0x48 ..\obj\usbserial.o
 .debug_ranges  0x00001208       0x90 ..\obj\interrupt.o
 .debug_ranges  0x00001298       0xc8 ..\obj\ssi.o
 .debug_ranges  0x00001360      0x1e0 ..\obj\ff.o
 .debug_ranges  0x00001540      0x218 ..\obj\oneWire.o
 .debug_ranges  0x00001758      0x100 ..\obj\usbdcdc.o
 .debug_ranges  0x00001858       0x90 ..\obj\mmc-dk-tm4c123g.o
 .debug_ranges  0x000018e8       0x88 ..\obj\usbringbuf.o
 .debug_ranges  0x00001970       0x18 ..\obj\startup_Cortex_M4.o
 .debug_ranges  0x00001988       0x38 ..\obj\cpu.o
 .debug_ranges  0x000019c0       0x30 ..\obj\usbdesc.o
 .debug_ranges  0x000019f0       0xd8 ..\obj\udma.o

.debug_line     0x00000000     0x8dcd
 .debug_line    0x00000000      0x626 ..\obj\hibernate.o
 .debug_line    0x00000626      0x177 ..\obj\delay.o
 .debug_line    0x0000079d      0xa52 ..\obj\datalogger.o
 .debug_line    0x000011ef      0x5a1 ..\obj\i2c.o
 .debug_line    0x00001790      0x6a2 ..\obj\usbdenum.o
 .debug_line    0x00001e32      0x257 ..\obj\usbdcdesc.o
 .debug_line    0x00002089      0x2f9 ..\obj\flash.o
 .debug_line    0x00002382      0x51d ..\obj\timer.o
 .debug_line    0x0000289f      0x306 ..\obj\usbdconfig.o
 .debug_line    0x00002ba5      0x2b3 ..\obj\usbbuffer.o
 .debug_line    0x00002e58      0x3ba ..\obj\usbmode.o
 .debug_line    0x00003212      0x17f ..\obj\usbulpi.o
 .debug_line    0x00003391      0x4f9 ..\obj\usbdma.o
 .debug_line    0x0000388a      0x1b6 ..\obj\fpu.o
 .debug_line    0x00003a40      0x199 ..\obj\usbtick.o
 .debug_line    0x00003bd9      0x375 ..\obj\main.o
 .debug_line    0x00003f4e      0x703 ..\obj\sysctl.o
 .debug_line    0x00004651      0xa78 ..\obj\usb.o
 .debug_line    0x000050c9      0x1a7 ..\obj\usbdhandler.o
 .debug_line    0x00005270      0x569 ..\obj\gpio.o
 .debug_line    0x000057d9      0x2c1 ..\obj\usbserial.o
 .debug_line    0x00005a9a      0x2c4 ..\obj\interrupt.o
 .debug_line    0x00005d5e      0x338 ..\obj\ssi.o
 .debug_line    0x00006096      0x1c0 ..\obj\usb_serial_structs.o
 .debug_line    0x00006256      0xb4e ..\obj\ff.o
 .debug_line    0x00006da4      0xa12 ..\obj\oneWire.o
 .debug_line    0x000077b6      0x5b9 ..\obj\usbdcdc.o
 .debug_line    0x00007d6f      0x524 ..\obj\mmc-dk-tm4c123g.o
 .debug_line    0x00008293      0x2df ..\obj\usbringbuf.o
 .debug_line    0x00008572      0x15e ..\obj\startup_Cortex_M4.o
 .debug_line    0x000086d0      0x18c ..\obj\cpu.o
 .debug_line    0x0000885c      0x1f1 ..\obj\usbdesc.o
 .debug_line    0x00008a4d      0x380 ..\obj\udma.o

.debug_str      0x00000000     0x6888
 .debug_str     0x00000000      0x70e ..\obj\hibernate.o
                                0x7b3 (size before relaxing)
 .debug_str     0x0000070e       0xa4 ..\obj\delay.o
                                0x1db (size before relaxing)
 .debug_str     0x000007b2      0xbe4 ..\obj\datalogger.o
                                0xf60 (size before relaxing)
 .debug_str     0x00001396      0x49f ..\obj\i2c.o
                                0x6ff (size before relaxing)
 .debug_str     0x00001835      0xfb0 ..\obj\usbdenum.o
                               0x11bf (size before relaxing)
 .debug_str     0x000027e5      0x1c3 ..\obj\usbdcdesc.o
                                0x4b9 (size before relaxing)
 .debug_str     0x000029a8      0x211 ..\obj\flash.o
                                0x3fd (size before relaxing)
 .debug_str     0x00002bb9      0x395 ..\obj\timer.o
                                0x5ae (size before relaxing)
 .debug_str     0x00002f4e      0x14d ..\obj\usbdconfig.o
                                0x822 (size before relaxing)
 .debug_str     0x0000309b      0x3e2 ..\obj\usbbuffer.o
                                0x589 (size before relaxing)
 .debug_str     0x0000347d      0x33d ..\obj\usbmode.o
                                0x98c (size before relaxing)
 .debug_str     0x000037ba       0x6f ..\obj\usbulpi.o
                                0x1e8 (size before relaxing)
 .debug_str     0x00003829      0x4bf ..\obj\usbdma.o
                                0x847 (size before relaxing)
 .debug_str     0x00003ce8       0xbc ..\obj\fpu.o
                                0x212 (size before relaxing)
 .debug_str     0x00003da4       0xc8 ..\obj\usbtick.o
                                0x292 (size before relaxing)
 .debug_str     0x00003e6c      0x10f ..\obj\main.o
                                0x6a9 (size before relaxing)
 .debug_str     0x00003f7b      0x5f2 ..\obj\sysctl.o
                                0x887 (size before relaxing)
 .debug_str     0x0000456d      0x4c7 ..\obj\usb.o
                                0xbb8 (size before relaxing)
 .debug_str     0x00004a34       0x54 ..\obj\usbdhandler.o
                                0x1d5 (size before relaxing)
 .debug_str     0x00004a88      0x3ea ..\obj\gpio.o
                                0x6be (size before relaxing)
 .debug_str     0x00004e72      0x36e ..\obj\usbserial.o
                                0x9ba (size before relaxing)
 .debug_str     0x000051e0      0x1c9 ..\obj\interrupt.o
                                0x3ae (size before relaxing)
 .debug_str     0x000053a9      0x23f ..\obj\ssi.o
                                0x49a (size before relaxing)
 .debug_str     0x000055e8      0x100 ..\obj\usb_serial_structs.o
                                0x855 (size before relaxing)
 .debug_str     0x000056e8      0x2d2 ..\obj\ff.o
                                0x682 (size before relaxing)
 .debug_str     0x000059ba      0x174 ..\obj\oneWire.o
                                0x50c (size before relaxing)
 .debug_str     0x00005b2e      0x658 ..\obj\usbdcdc.o
                               0x1009 (size before relaxing)
 .debug_str     0x00006186      0x161 ..\obj\mmc-dk-tm4c123g.o
                                0x427 (size before relaxing)
 .debug_str     0x000062e7       0xd7 ..\obj\usbringbuf.o
                                0x388 (size before relaxing)
 .debug_str     0x000063be       0xaa ..\obj\startup_Cortex_M4.o
                                0x1ef (size before relaxing)
 .debug_str     0x00006468       0x4d ..\obj\cpu.o
                                0x1c1 (size before relaxing)
 .debug_str     0x000064b5       0xb0 ..\obj\usbdesc.o
                                0x3f5 (size before relaxing)
 .debug_str     0x00006565      0x323 ..\obj\udma.o
                                0x531 (size before relaxing)

.comment        0x00000000       0x70
 .comment       0x00000000       0x70 ..\obj\hibernate.o
                                 0x71 (size before relaxing)
 .comment       0x00000000       0x71 ..\obj\delay.o
 .comment       0x00000000       0x71 ..\obj\datalogger.o
 .comment       0x00000000       0x71 ..\obj\i2c.o
 .comment       0x00000000       0x71 ..\obj\usbdenum.o
 .comment       0x00000000       0x71 ..\obj\usbdcdesc.o
 .comment       0x00000000       0x71 ..\obj\flash.o
 .comment       0x00000000       0x71 ..\obj\timer.o
 .comment       0x00000000       0x71 ..\obj\usbdconfig.o
 .comment       0x00000000       0x71 ..\obj\usbbuffer.o
 .comment       0x00000000       0x71 ..\obj\usbmode.o
 .comment       0x00000000       0x71 ..\obj\usbulpi.o
 .comment       0x00000000       0x71 ..\obj\usbdma.o
 .comment       0x00000000       0x71 ..\obj\fpu.o
 .comment       0x00000000       0x71 ..\obj\usbtick.o
 .comment       0x00000000       0x71 ..\obj\main.o
 .comment       0x00000000       0x71 ..\obj\sysctl.o
 .comment       0x00000000       0x71 ..\obj\usb.o
 .comment       0x00000000       0x71 ..\obj\usbdhandler.o
 .comment       0x00000000       0x71 ..\obj\gpio.o
 .comment       0x00000000       0x71 ..\obj\usbserial.o
 .comment       0x00000000       0x71 ..\obj\interrupt.o
 .comment       0x00000000       0x71 ..\obj\ssi.o
 .comment       0x00000000       0x71 ..\obj\usb_serial_structs.o
 .comment       0x00000000       0x71 ..\obj\ff.o
 .comment       0x00000000       0x71 ..\obj\oneWire.o
 .comment       0x00000000       0x71 ..\obj\usbdcdc.o
 .comment       0x00000000       0x71 ..\obj\mmc-dk-tm4c123g.o
 .comment       0x00000000       0x71 ..\obj\usbringbuf.o
 .comment       0x00000000       0x71 ..\obj\startup_Cortex_M4.o
 .comment       0x00000000       0x71 ..\obj\cpu.o
 .comment       0x00000000       0x71 ..\obj\usbdesc.o
 .comment       0x00000000       0x71 ..\obj\udma.o

.ARM.attributes
                0x00000000       0x39
 .ARM.attributes
                0x00000000       0x39 ..\obj\hibernate.o
 .ARM.attributes
                0x00000039       0x39 ..\obj\delay.o
 .ARM.attributes
                0x00000072       0x39 ..\obj\datalogger.o
 .ARM.attributes
                0x000000ab       0x39 ..\obj\i2c.o
 .ARM.attributes
                0x000000e4       0x39 ..\obj\usbdenum.o
 .ARM.attributes
                0x0000011d       0x39 ..\obj\usbdcdesc.o
 .ARM.attributes
                0x00000156       0x39 ..\obj\flash.o
 .ARM.attributes
                0x0000018f       0x39 ..\obj\timer.o
 .ARM.attributes
                0x000001c8       0x39 ..\obj\usbdconfig.o
 .ARM.attributes
                0x00000201       0x39 ..\obj\usbbuffer.o
 .ARM.attributes
                0x0000023a       0x39 ..\obj\usbmode.o
 .ARM.attributes
                0x00000273       0x39 ..\obj\usbulpi.o
 .ARM.attributes
                0x000002ac       0x39 ..\obj\usbdma.o
 .ARM.attributes
                0x000002e5       0x39 ..\obj\fpu.o
 .ARM.attributes
                0x0000031e       0x39 ..\obj\usbtick.o
 .ARM.attributes
                0x00000357       0x39 ..\obj\main.o
 .ARM.attributes
                0x00000390       0x39 ..\obj\sysctl.o
 .ARM.attributes
                0x000003c9       0x39 ..\obj\usb.o
 .ARM.attributes
                0x00000402       0x39 ..\obj\usbdhandler.o
 .ARM.attributes
                0x0000043b       0x39 ..\obj\gpio.o
 .ARM.attributes
                0x00000474       0x39 ..\obj\usbserial.o
 .ARM.attributes
                0x000004ad       0x39 ..\obj\interrupt.o
 .ARM.attributes
                0x000004e6       0x39 ..\obj\ssi.o
 .ARM.attributes
                0x0000051f       0x39 ..\obj\usb_serial_structs.o
 .ARM.attributes
                0x00000558       0x39 ..\obj\ff.o
 .ARM.attributes
                0x00000591       0x39 ..\obj\oneWire.o
 .ARM.attributes